Archive member included to satisfy reference by file (symbol)

C:/Users/1999n/STM32CubeIDE_1.15.1/STM32CubeIDE/plugins/com.st.stm32cube.ide.mcu.externaltools.gnu-tools-for-stm32.12.3.rel1.win32_1.0.100.202403111256/tools/bin/../lib/gcc/arm-none-eabi/12.3.1/../../../../arm-none-eabi/lib/thumb/v7e-m+fp/hard\libc_nano.a(libc_a-exit.o)
                              C:/Users/1999n/STM32CubeIDE_1.15.1/STM32CubeIDE/plugins/com.st.stm32cube.ide.mcu.externaltools.gnu-tools-for-stm32.12.3.rel1.win32_1.0.100.202403111256/tools/bin/../lib/gcc/arm-none-eabi/12.3.1/../../../../arm-none-eabi/lib/thumb/v7e-m+fp/hard/crt0.o (exit)
C:/Users/1999n/STM32CubeIDE_1.15.1/STM32CubeIDE/plugins/com.st.stm32cube.ide.mcu.externaltools.gnu-tools-for-stm32.12.3.rel1.win32_1.0.100.202403111256/tools/bin/../lib/gcc/arm-none-eabi/12.3.1/../../../../arm-none-eabi/lib/thumb/v7e-m+fp/hard\libc_nano.a(libc_a-findfp.o)
                              C:/Users/1999n/STM32CubeIDE_1.15.1/STM32CubeIDE/plugins/com.st.stm32cube.ide.mcu.externaltools.gnu-tools-for-stm32.12.3.rel1.win32_1.0.100.202403111256/tools/bin/../lib/gcc/arm-none-eabi/12.3.1/../../../../arm-none-eabi/lib/thumb/v7e-m+fp/hard\libc_nano.a(libc_a-exit.o) (__stdio_exit_handler)
C:/Users/1999n/STM32CubeIDE_1.15.1/STM32CubeIDE/plugins/com.st.stm32cube.ide.mcu.externaltools.gnu-tools-for-stm32.12.3.rel1.win32_1.0.100.202403111256/tools/bin/../lib/gcc/arm-none-eabi/12.3.1/../../../../arm-none-eabi/lib/thumb/v7e-m+fp/hard\libc_nano.a(libc_a-fwalk.o)
                              C:/Users/1999n/STM32CubeIDE_1.15.1/STM32CubeIDE/plugins/com.st.stm32cube.ide.mcu.externaltools.gnu-tools-for-stm32.12.3.rel1.win32_1.0.100.202403111256/tools/bin/../lib/gcc/arm-none-eabi/12.3.1/../../../../arm-none-eabi/lib/thumb/v7e-m+fp/hard\libc_nano.a(libc_a-findfp.o) (_fwalk_sglue)
C:/Users/1999n/STM32CubeIDE_1.15.1/STM32CubeIDE/plugins/com.st.stm32cube.ide.mcu.externaltools.gnu-tools-for-stm32.12.3.rel1.win32_1.0.100.202403111256/tools/bin/../lib/gcc/arm-none-eabi/12.3.1/../../../../arm-none-eabi/lib/thumb/v7e-m+fp/hard\libc_nano.a(libc_a-stdio.o)
                              C:/Users/1999n/STM32CubeIDE_1.15.1/STM32CubeIDE/plugins/com.st.stm32cube.ide.mcu.externaltools.gnu-tools-for-stm32.12.3.rel1.win32_1.0.100.202403111256/tools/bin/../lib/gcc/arm-none-eabi/12.3.1/../../../../arm-none-eabi/lib/thumb/v7e-m+fp/hard\libc_nano.a(libc_a-findfp.o) (__sread)
C:/Users/1999n/STM32CubeIDE_1.15.1/STM32CubeIDE/plugins/com.st.stm32cube.ide.mcu.externaltools.gnu-tools-for-stm32.12.3.rel1.win32_1.0.100.202403111256/tools/bin/../lib/gcc/arm-none-eabi/12.3.1/../../../../arm-none-eabi/lib/thumb/v7e-m+fp/hard\libc_nano.a(libc_a-memset.o)
                              C:/Users/1999n/STM32CubeIDE_1.15.1/STM32CubeIDE/plugins/com.st.stm32cube.ide.mcu.externaltools.gnu-tools-for-stm32.12.3.rel1.win32_1.0.100.202403111256/tools/bin/../lib/gcc/arm-none-eabi/12.3.1/../../../../arm-none-eabi/lib/thumb/v7e-m+fp/hard/crt0.o (memset)
C:/Users/1999n/STM32CubeIDE_1.15.1/STM32CubeIDE/plugins/com.st.stm32cube.ide.mcu.externaltools.gnu-tools-for-stm32.12.3.rel1.win32_1.0.100.202403111256/tools/bin/../lib/gcc/arm-none-eabi/12.3.1/../../../../arm-none-eabi/lib/thumb/v7e-m+fp/hard\libc_nano.a(libc_a-closer.o)
                              C:/Users/1999n/STM32CubeIDE_1.15.1/STM32CubeIDE/plugins/com.st.stm32cube.ide.mcu.externaltools.gnu-tools-for-stm32.12.3.rel1.win32_1.0.100.202403111256/tools/bin/../lib/gcc/arm-none-eabi/12.3.1/../../../../arm-none-eabi/lib/thumb/v7e-m+fp/hard\libc_nano.a(libc_a-stdio.o) (_close_r)
C:/Users/1999n/STM32CubeIDE_1.15.1/STM32CubeIDE/plugins/com.st.stm32cube.ide.mcu.externaltools.gnu-tools-for-stm32.12.3.rel1.win32_1.0.100.202403111256/tools/bin/../lib/gcc/arm-none-eabi/12.3.1/../../../../arm-none-eabi/lib/thumb/v7e-m+fp/hard\libc_nano.a(libc_a-reent.o)
                              C:/Users/1999n/STM32CubeIDE_1.15.1/STM32CubeIDE/plugins/com.st.stm32cube.ide.mcu.externaltools.gnu-tools-for-stm32.12.3.rel1.win32_1.0.100.202403111256/tools/bin/../lib/gcc/arm-none-eabi/12.3.1/../../../../arm-none-eabi/lib/thumb/v7e-m+fp/hard\libc_nano.a(libc_a-closer.o) (errno)
C:/Users/1999n/STM32CubeIDE_1.15.1/STM32CubeIDE/plugins/com.st.stm32cube.ide.mcu.externaltools.gnu-tools-for-stm32.12.3.rel1.win32_1.0.100.202403111256/tools/bin/../lib/gcc/arm-none-eabi/12.3.1/../../../../arm-none-eabi/lib/thumb/v7e-m+fp/hard\libc_nano.a(libc_a-impure.o)
                              C:/Users/1999n/STM32CubeIDE_1.15.1/STM32CubeIDE/plugins/com.st.stm32cube.ide.mcu.externaltools.gnu-tools-for-stm32.12.3.rel1.win32_1.0.100.202403111256/tools/bin/../lib/gcc/arm-none-eabi/12.3.1/../../../../arm-none-eabi/lib/thumb/v7e-m+fp/hard\libc_nano.a(libc_a-reent.o) (_impure_ptr)
C:/Users/1999n/STM32CubeIDE_1.15.1/STM32CubeIDE/plugins/com.st.stm32cube.ide.mcu.externaltools.gnu-tools-for-stm32.12.3.rel1.win32_1.0.100.202403111256/tools/bin/../lib/gcc/arm-none-eabi/12.3.1/../../../../arm-none-eabi/lib/thumb/v7e-m+fp/hard\libc_nano.a(libc_a-lseekr.o)
[...]
Memory Configuration

Name             Origin             Length             Attributes
RAM              0x20000000         0x00010000         xrw
FLASH            0x08000000         0x00040000         xr
*default*        0x00000000         0xffffffff

Linker script and memory map

LOAD C:/Users/1999n/STM32CubeIDE_1.15.1/STM32CubeIDE/plugins/com.st.stm32cube.ide.mcu.externaltools.gnu-tools-for-stm32.12.3.rel1.win32_1.0.100.202403111256/tools/bin/../lib/gcc/arm-none-eabi/12.3.1/thumb/v7e-m+fp/hard/crti.o
LOAD C:/Users/1999n/STM32CubeIDE_1.15.1/STM32CubeIDE/plugins/com.st.stm32cube.ide.mcu.externaltools.gnu-tools-for-stm32.12.3.rel1.win32_1.0.100.202403111256/tools/bin/../lib/gcc/arm-none-eabi/12.3.1/thumb/v7e-m+fp/hard/crtbegin.o
LOAD C:/Users/1999n/STM32CubeIDE_1.15.1/STM32CubeIDE/plugins/com.st.stm32cube.ide.mcu.externaltools.gnu-tools-for-stm32.12.3.rel1.win32_1.0.100.202403111256/tools/bin/../lib/gcc/arm-none-eabi/12.3.1/../../../../arm-none-eabi/lib/thumb/v7e-m+fp/hard/crt0.o
LOAD ./Core/Src/main.o
LOAD ./Core/Src/stm32f4xx_hal_msp.o
LOAD ./Core/Src/stm32f4xx_it.o
LOAD ./Core/Src/syscalls.o
LOAD ./Core/Src/sysmem.o
LOAD ./Core/Src/system_stm32f4xx.o
LOAD ./Core/Startup/startup_stm32f401ccux.o
LOAD ./Drivers/STM32F4xx_HAL_Driver/Src/stm32f4xx_hal.o
LOAD ./Drivers/STM32F4xx_HAL_Driver/Src/stm32f4xx_hal_cortex.o
LOAD ./Drivers/STM32F4xx_HAL_Driver/Src/stm32f4xx_hal_dma.o
LOAD ./Drivers/STM32F4xx_HAL_Driver/Src/stm32f4xx_hal_dma_ex.o
LOAD ./Drivers/STM32F4xx_HAL_Driver/Src/stm32f4xx_hal_exti.o
LOAD ./Drivers/STM32F4xx_HAL_Driver/Src/stm32f4xx_hal_flash.o
LOAD ./Drivers/STM32F4xx_HAL_Driver/Src/stm32f4xx_hal_flash_ex.o
LOAD ./Drivers/STM32F4xx_HAL_Driver/Src/stm32f4xx_hal_flash_ramfunc.o
LOAD ./Drivers/STM32F4xx_HAL_Driver/Src/stm32f4xx_hal_gpio.o
LOAD ./Drivers/STM32F4xx_HAL_Driver/Src/stm32f4xx_hal_pcd.o
LOAD ./Drivers/STM32F4xx_HAL_Driver/Src/stm32f4xx_hal_pcd_ex.o
LOAD ./Drivers/STM32F4xx_HAL_Driver/Src/stm32f4xx_hal_pwr.o
LOAD ./Drivers/STM32F4xx_HAL_Driver/Src/stm32f4xx_hal_pwr_ex.o
LOAD ./Drivers/STM32F4xx_HAL_Driver/Src/stm32f4xx_hal_rcc.o
LOAD ./Drivers/STM32F4xx_HAL_Driver/Src/stm32f4xx_hal_rcc_ex.o
LOAD ./Drivers/STM32F4xx_HAL_Driver/Src/stm32f4xx_hal_tim.o
LOAD ./Drivers/STM32F4xx_HAL_Driver/Src/stm32f4xx_hal_tim_ex.o
LOAD ./Drivers/STM32F4xx_HAL_Driver/Src/stm32f4xx_ll_usb.o
LOAD ./Middlewares/ST/STM32_USB_Device_Library/Class/HID/Src/usbd_hid.o
LOAD ./Middlewares/ST/STM32_USB_Device_Library/Core/Src/usbd_core.o
LOAD ./Middlewares/ST/STM32_USB_Device_Library/Core/Src/usbd_ctlreq.o
LOAD ./Middlewares/ST/STM32_USB_Device_Library/Core/Src/usbd_ioreq.o
LOAD ./USB_DEVICE/App/usb_device.o
LOAD ./USB_DEVICE/App/usbd_desc.o
LOAD ./USB_DEVICE/Target/usbd_conf.o
START GROUP
LOAD C:/Users/1999n/STM32CubeIDE_1.15.1/STM32CubeIDE/plugins/com.st.stm32cube.ide.mcu.externaltools.gnu-tools-for-stm32.12.3.rel1.win32_1.0.100.202403111256/tools/bin/../lib/gcc/arm-none-eabi/12.3.1/../../../../arm-none-eabi/lib/thumb/v7e-m+fp/hard\libc_nano.a
LOAD C:/Users/1999n/STM32CubeIDE_1.15.1/STM32CubeIDE/plugins/com.st.stm32cube.ide.mcu.externaltools.gnu-tools-for-stm32.12.3.rel1.win32_1.0.100.202403111256/tools/bin/../lib/gcc/arm-none-eabi/12.3.1/../../../../arm-none-eabi/lib/thumb/v7e-m+fp/hard\libm.a
END GROUP
START GROUP
LOAD C:/Users/1999n/STM32CubeIDE_1.15.1/STM32CubeIDE/plugins/com.st.stm32cube.ide.mcu.externaltools.gnu-tools-for-stm32.12.3.rel1.win32_1.0.100.202403111256/tools/bin/../lib/gcc/arm-none-eabi/12.3.1/thumb/v7e-m+fp/hard\libgcc.a
LOAD C:/Users/1999n/STM32CubeIDE_1.15.1/STM32CubeIDE/plugins/com.st.stm32cube.ide.mcu.externaltools.gnu-tools-for-stm32.12.3.rel1.win32_1.0.100.202403111256/tools/bin/../lib/gcc/arm-none-eabi/12.3.1/../../../../arm-none-eabi/lib/thumb/v7e-m+fp/hard\libc_nano.a
END GROUP
START GROUP
LOAD C:/Users/1999n/STM32CubeIDE_1.15.1/STM32CubeIDE/plugins/com.st.stm32cube.ide.mcu.externaltools.gnu-tools-for-stm32.12.3.rel1.win32_1.0.100.202403111256/tools/bin/../lib/gcc/arm-none-eabi/12.3.1/thumb/v7e-m+fp/hard\libgcc.a
LOAD C:/Users/1999n/STM32CubeIDE_1.15.1/STM32CubeIDE/plugins/com.st.stm32cube.ide.mcu.externaltools.gnu-tools-for-stm32.12.3.rel1.win32_1.0.100.202403111256/tools/bin/../lib/gcc/arm-none-eabi/12.3.1/../../../../arm-none-eabi/lib/thumb/v7e-m+fp/hard\libc_nano.a
LOAD C:/Users/1999n/STM32CubeIDE_1.15.1/STM32CubeIDE/plugins/com.st.stm32cube.ide.mcu.externaltools.gnu-tools-for-stm32.12.3.rel1.win32_1.0.100.202403111256/tools/bin/../lib/gcc/arm-none-eabi/12.3.1/../../../../arm-none-eabi/lib/thumb/v7e-m+fp/hard\libnosys.a
END GROUP
START GROUP
LOAD C:/Users/1999n/STM32CubeIDE_1.15.1/STM32CubeIDE/plugins/com.st.stm32cube.ide.mcu.externaltools.gnu-tools-for-stm32.12.3.rel1.win32_1.0.100.202403111256/tools/bin/../lib/gcc/arm-none-eabi/12.3.1/thumb/v7e-m+fp/hard\libgcc.a
LOAD C:/Users/1999n/STM32CubeIDE_1.15.1/STM32CubeIDE/plugins/com.st.stm32cube.ide.mcu.externaltools.gnu-tools-for-stm32.12.3.rel1.win32_1.0.100.202403111256/tools/bin/../lib/gcc/arm-none-eabi/12.3.1/../../../../arm-none-eabi/lib/thumb/v7e-m+fp/hard\libc_nano.a
LOAD C:/Users/1999n/STM32CubeIDE_1.15.1/STM32CubeIDE/plugins/com.st.stm32cube.ide.mcu.externaltools.gnu-tools-for-stm32.12.3.rel1.win32_1.0.100.202403111256/tools/bin/../lib/gcc/arm-none-eabi/12.3.1/../../../../arm-none-eabi/lib/thumb/v7e-m+fp/hard\libnosys.a
END GROUP
LOAD C:/Users/1999n/STM32CubeIDE_1.15.1/STM32CubeIDE/plugins/com.st.stm32cube.ide.mcu.externaltools.gnu-tools-for-stm32.12.3.rel1.win32_1.0.100.202403111256/tools/bin/../lib/gcc/arm-none-eabi/12.3.1/thumb/v7e-m+fp/hard/crtend.o
LOAD C:/Users/1999n/STM32CubeIDE_1.15.1/STM32CubeIDE/plugins/com.st.stm32cube.ide.mcu.externaltools.gnu-tools-for-stm32.12.3.rel1.win32_1.0.100.202403111256/tools/bin/../lib/gcc/arm-none-eabi/12.3.1/thumb/v7e-m+fp/hard/crtn.o
                0x20010000                        _estack = (ORIGIN (RAM) + LENGTH (RAM))
                0x00000200                        _Min_Heap_Size = 0x200
                0x00000400                        _Min_Stack_Size = 0x400

.isr_vector     0x08000000      0x194
                0x08000000                        . = ALIGN (0x4)
 *(.isr_vector)
 .isr_vector    0x08000000      0x194 ./Core/Startup/startup_stm32f401ccux.o
                0x08000000                g_pfnVectors
                0x08000194                        . = ALIGN (0x4)

.text           0x08000194     0x65c0
                0x08000194                        . = ALIGN (0x4)
 *(.text)
 .text          0x08000194       0x40 C:/Users/1999n/STM32CubeIDE_1.15.1/STM32CubeIDE/plugins/com.st.stm32cube.ide.mcu.externaltools.gnu-tools-for-stm32.12.3.rel1.win32_1.0.100.202403111256/tools/bin/../lib/gcc/arm-none-eabi/12.3.1/thumb/v7e-m+fp/hard/crtbegin.o
 .text          0x080001d4       0x30 C:/Users/1999n/STM32CubeIDE_1.15.1/STM32CubeIDE/plugins/com.st.stm32cube.ide.mcu.externaltools.gnu-tools-for-stm32.12.3.rel1.win32_1.0.100.202403111256/tools/bin/../lib/gcc/arm-none-eabi/12.3.1/thumb/v7e-m+fp/hard\libgcc.a(_aeabi_uldivmod.o)
                0x080001d4                __aeabi_uldivmod
 .text          0x08000204      0x2bc C:/Users/1999n/STM32CubeIDE_1.15.1/STM32CubeIDE/plugins/com.st.stm32cube.ide.mcu.externaltools.gnu-tools-for-stm32.12.3.rel1.win32_1.0.100.202403111256/tools/bin/../lib/gcc/arm-none-eabi/12.3.1/thumb/v7e-m+fp/hard\libgcc.a(_udivmoddi4.o)
                0x08000204                __udivmoddi4
 .text          0x080004c0        0x4 C:/Users/1999n/STM32CubeIDE_1.15.1/STM32CubeIDE/plugins/com.st.stm32cube.ide.mcu.externaltools.gnu-tools-for-stm32.12.3.rel1.win32_1.0.100.202403111256/tools/bin/../lib/gcc/arm-none-eabi/12.3.1/thumb/v7e-m+fp/hard\libgcc.a(_dvmd_tls.o)
                0x080004c0                __aeabi_idiv0
                0x080004c0                __aeabi_ldiv0
 *(.text*)
 .text.main     0x080004c4       0x22 ./Core/Src/main.o
                0x080004c4                main
 *fill*         0x080004e6        0x2 
 .text.SystemClock_Config
                0x080004e8       0xdc ./Core/Src/main.o
                0x080004e8                SystemClock_Config
 .text.MX_GPIO_Init
                0x080005c4       0xbc ./Core/Src/main.o
 .text.Send_Key_To_USB
                0x08000680       0x64 ./Core/Src/main.o
                0x08000680                Send_Key_To_USB
 .text.Keypad_Scan_And_Send
                0x080006e4      0x1b8 ./Core/Src/main.o
                0x080006e4                Keypad_Scan_And_Send
 .text.Error_Handler
                0x0800089c        0xe ./Core/Src/main.o
                0x0800089c                Error_Handler
 *fill*         0x080008aa        0x2 
 .text.HAL_MspInit
                0x080008ac       0x50 ./Core/Src/stm32f4xx_hal_msp.o
                0x080008ac                HAL_MspInit
 .text.NMI_Handler
                0x080008fc        0x8 ./Core/Src/stm32f4xx_it.o
                0x080008fc                NMI_Handler
 .text.HardFault_Handler
                0x08000904        0x8 ./Core/Src/stm32f4xx_it.o
                0x08000904                HardFault_Handler
 .text.MemManage_Handler
                0x0800090c        0x8 ./Core/Src/stm32f4xx_it.o
                0x0800090c                MemManage_Handler
 .text.BusFault_Handler
                0x08000914        0x8 ./Core/Src/stm32f4xx_it.o
                0x08000914                BusFault_Handler
 .text.UsageFault_Handler
                0x0800091c        0x8 ./Core/Src/stm32f4xx_it.o
                0x0800091c                UsageFault_Handler
 .text.SVC_Handler
                0x08000924        0xe ./Core/Src/stm32f4xx_it.o
                0x08000924                SVC_Handler
 .text.DebugMon_Handler
                0x08000932        0xe ./Core/Src/stm32f4xx_it.o
                0x08000932                DebugMon_Handler
 .text.PendSV_Handler
                0x08000940        0xe ./Core/Src/stm32f4xx_it.o
                0x08000940                PendSV_Handler
 .text.SysTick_Handler
                0x0800094e        0xc ./Core/Src/stm32f4xx_it.o
                0x0800094e                SysTick_Handler
 *fill*         0x0800095a        0x2 
 .text.OTG_FS_IRQHandler
                0x0800095c       0x14 ./Core/Src/stm32f4xx_it.o
                0x0800095c                OTG_FS_IRQHandler
 .text.SystemInit
                0x08000970       0x24 ./Core/Src/system_stm32f4xx.o
                0x08000970                SystemInit
 .text.Reset_Handler
                0x08000994       0x50 ./Core/Startup/startup_stm32f401ccux.o
                0x08000994                Reset_Handler
 .text.Default_Handler
                0x080009e4        0x2 ./Core/Startup/startup_stm32f401ccux.o
                0x080009e4                RTC_Alarm_IRQHandler
                0x080009e4                EXTI2_IRQHandler
                0x080009e4                SPI4_IRQHandler
                0x080009e4                TIM1_CC_IRQHandler
                0x080009e4                DMA2_Stream5_IRQHandler
                0x080009e4                DMA1_Stream5_IRQHandler
                0x080009e4                PVD_IRQHandler
                0x080009e4                SDIO_IRQHandler
                0x080009e4                TAMP_STAMP_IRQHandler
                0x080009e4                EXTI3_IRQHandler
                0x080009e4                TIM1_UP_TIM10_IRQHandler
                0x080009e4                I2C3_ER_IRQHandler
                0x080009e4                EXTI0_IRQHandler
                0x080009e4                I2C2_EV_IRQHandler
                0x080009e4                DMA1_Stream2_IRQHandler
                0x080009e4                FPU_IRQHandler
                0x080009e4                DMA2_Stream2_IRQHandler
                0x080009e4                SPI1_IRQHandler
                0x080009e4                TIM1_BRK_TIM9_IRQHandler
                0x080009e4                DMA2_Stream3_IRQHandler
                0x080009e4                USART6_IRQHandler
                0x080009e4                DMA2_Stream0_IRQHandler
                0x080009e4                TIM4_IRQHandler
                0x080009e4                I2C1_EV_IRQHandler
                0x080009e4                DMA1_Stream6_IRQHandler
                0x080009e4                DMA1_Stream1_IRQHandler
                0x080009e4                TIM3_IRQHandler
                0x080009e4                RCC_IRQHandler
                0x080009e4                Default_Handler
                0x080009e4                EXTI15_10_IRQHandler
                0x080009e4                ADC_IRQHandler
                0x080009e4                DMA1_Stream7_IRQHandler
                0x080009e4                TIM5_IRQHandler
                0x080009e4                DMA2_Stream7_IRQHandler
                0x080009e4                I2C3_EV_IRQHandler
                0x080009e4                EXTI9_5_IRQHandler
                0x080009e4                RTC_WKUP_IRQHandler
                0x080009e4                SPI2_IRQHandler
                0x080009e4                DMA1_Stream0_IRQHandler
                0x080009e4                EXTI4_IRQHandler
                0x080009e4                WWDG_IRQHandler
                0x080009e4                TIM2_IRQHandler
                0x080009e4                OTG_FS_WKUP_IRQHandler
                0x080009e4                TIM1_TRG_COM_TIM11_IRQHandler
                0x080009e4                EXTI1_IRQHandler
                0x080009e4                USART2_IRQHandler
                0x080009e4                I2C2_ER_IRQHandler
                0x080009e4                DMA2_Stream1_IRQHandler
                0x080009e4                FLASH_IRQHandler
                0x080009e4                DMA2_Stream4_IRQHandler
                0x080009e4                USART1_IRQHandler
                0x080009e4                SPI3_IRQHandler
                0x080009e4                DMA1_Stream4_IRQHandler
                0x080009e4                I2C1_ER_IRQHandler
                0x080009e4                DMA2_Stream6_IRQHandler
                0x080009e4                DMA1_Stream3_IRQHandler
 *fill*         0x080009e6        0x2 
 .text.HAL_Init
                0x080009e8       0x44 ./Drivers/STM32F4xx_HAL_Driver/Src/stm32f4xx_hal.o
                0x080009e8                HAL_Init
 .text.HAL_InitTick
                0x08000a2c       0x60 ./Drivers/STM32F4xx_HAL_Driver/Src/stm32f4xx_hal.o
                0x08000a2c                HAL_InitTick
 .text.HAL_IncTick
                0x08000a8c       0x28 ./Drivers/STM32F4xx_HAL_Driver/Src/stm32f4xx_hal.o
                0x08000a8c                HAL_IncTick
 .text.HAL_GetTick
                0x08000ab4       0x18 ./Drivers/STM32F4xx_HAL_Driver/Src/stm32f4xx_hal.o
                0x08000ab4                HAL_GetTick
 .text.HAL_Delay
                0x08000acc       0x48 ./Drivers/STM32F4xx_HAL_Driver/Src/stm32f4xx_hal.o
                0x08000acc                HAL_Delay
 .text.__NVIC_SetPriorityGrouping
                0x08000b14       0x48 ./Drivers/STM32F4xx_HAL_Driver/Src/stm32f4xx_hal_cortex.o
 .text.__NVIC_GetPriorityGrouping
                0x08000b5c       0x1c ./Drivers/STM32F4xx_HAL_Driver/Src/stm32f4xx_hal_cortex.o
 .text.__NVIC_EnableIRQ
                0x08000b78       0x3c ./Drivers/STM32F4xx_HAL_Driver/Src/stm32f4xx_hal_cortex.o
 .text.__NVIC_SetPriority
                0x08000bb4       0x54 ./Drivers/STM32F4xx_HAL_Driver/Src/stm32f4xx_hal_cortex.o
 .text.NVIC_EncodePriority
                0x08000c08       0x66 ./Drivers/STM32F4xx_HAL_Driver/Src/stm32f4xx_hal_cortex.o
 *fill*         0x08000c6e        0x2 
 .text.SysTick_Config
                0x08000c70       0x44 ./Drivers/STM32F4xx_HAL_Driver/Src/stm32f4xx_hal_cortex.o
 .text.HAL_NVIC_SetPriorityGrouping
                0x08000cb4       0x16 ./Drivers/STM32F4xx_HAL_Driver/Src/stm32f4xx_hal_cortex.o
                0x08000cb4                HAL_NVIC_SetPriorityGrouping
 .text.HAL_NVIC_SetPriority
                0x08000cca       0x38 ./Drivers/STM32F4xx_HAL_Driver/Src/stm32f4xx_hal_cortex.o
                0x08000cca                HAL_NVIC_SetPriority
 .text.HAL_NVIC_EnableIRQ
                0x08000d02       0x1c ./Drivers/STM32F4xx_HAL_Driver/Src/stm32f4xx_hal_cortex.o
                0x08000d02                HAL_NVIC_EnableIRQ
 .text.HAL_SYSTICK_Config
                0x08000d1e       0x18 ./Drivers/STM32F4xx_HAL_Driver/Src/stm32f4xx_hal_cortex.o
                0x08000d1e                HAL_SYSTICK_Config
 *fill*         0x08000d36        0x2 
 .text.HAL_GPIO_Init
                0x08000d38      0x308 ./Drivers/STM32F4xx_HAL_Driver/Src/stm32f4xx_hal_gpio.o
                0x08000d38                HAL_GPIO_Init
 .text.HAL_GPIO_ReadPin
                0x08001040       0x30 ./Drivers/STM32F4xx_HAL_Driver/Src/stm32f4xx_hal_gpio.o
                0x08001040                HAL_GPIO_ReadPin
 .text.HAL_GPIO_WritePin
                0x08001070       0x32 ./Drivers/STM32F4xx_HAL_Driver/Src/stm32f4xx_hal_gpio.o
                0x08001070                HAL_GPIO_WritePin
 .text.HAL_PCD_Init
                0x080010a2      0x21e ./Drivers/STM32F4xx_HAL_Driver/Src/stm32f4xx_hal_pcd.o
                0x080010a2                HAL_PCD_Init
 .text.HAL_PCD_Start
                0x080012c0       0x6a ./Drivers/STM32F4xx_HAL_Driver/Src/stm32f4xx_hal_pcd.o
                0x080012c0                HAL_PCD_Start
 .text.HAL_PCD_IRQHandler
                0x0800132a      0x942 ./Drivers/STM32F4xx_HAL_Driver/Src/stm32f4xx_hal_pcd.o
                0x0800132a                HAL_PCD_IRQHandler
 .text.HAL_PCD_SetAddress
                0x08001c6c       0x48 ./Drivers/STM32F4xx_HAL_Driver/Src/stm32f4xx_hal_pcd.o
                0x08001c6c                HAL_PCD_SetAddress
 .text.HAL_PCD_EP_Open
                0x08001cb4       0xd4 ./Drivers/STM32F4xx_HAL_Driver/Src/stm32f4xx_hal_pcd.o
                0x08001cb4                HAL_PCD_EP_Open
 .text.HAL_PCD_EP_Close
                0x08001d88       0x94 ./Drivers/STM32F4xx_HAL_Driver/Src/stm32f4xx_hal_pcd.o
                0x08001d88                HAL_PCD_EP_Close
 .text.HAL_PCD_EP_Receive
                0x08001e1c       0x76 ./Drivers/STM32F4xx_HAL_Driver/Src/stm32f4xx_hal_pcd.o
                0x08001e1c                HAL_PCD_EP_Receive
 .text.HAL_PCD_EP_Transmit
                0x08001e92       0x74 ./Drivers/STM32F4xx_HAL_Driver/Src/stm32f4xx_hal_pcd.o
                0x08001e92                HAL_PCD_EP_Transmit
 .text.HAL_PCD_EP_SetStall
                0x08001f06       0xc6 ./Drivers/STM32F4xx_HAL_Driver/Src/stm32f4xx_hal_pcd.o
                0x08001f06                HAL_PCD_EP_SetStall
 .text.HAL_PCD_EP_ClrStall
                0x08001fcc       0xac ./Drivers/STM32F4xx_HAL_Driver/Src/stm32f4xx_hal_pcd.o
                0x08001fcc                HAL_PCD_EP_ClrStall
 .text.HAL_PCD_EP_Abort
                0x08002078       0x62 ./Drivers/STM32F4xx_HAL_Driver/Src/stm32f4xx_hal_pcd.o
                0x08002078                HAL_PCD_EP_Abort
 .text.PCD_WriteEmptyTxFifo
                0x080020da      0x118 ./Drivers/STM32F4xx_HAL_Driver/Src/stm32f4xx_hal_pcd.o
 *fill*         0x080021f2        0x2 
 .text.PCD_EP_OutXfrComplete_int
                0x080021f4      0x1d0 ./Drivers/STM32F4xx_HAL_Driver/Src/stm32f4xx_hal_pcd.o
 .text.PCD_EP_OutSetupPacket_int
                0x080023c4       0x8c ./Drivers/STM32F4xx_HAL_Driver/Src/stm32f4xx_hal_pcd.o
 .text.HAL_PCDEx_SetTxFiFo
                0x08002450       0x8e ./Drivers/STM32F4xx_HAL_Driver/Src/stm32f4xx_hal_pcd_ex.o
                0x08002450                HAL_PCDEx_SetTxFiFo
 .text.HAL_PCDEx_SetRxFiFo
                0x080024de       0x22 ./Drivers/STM32F4xx_HAL_Driver/Src/stm32f4xx_hal_pcd_ex.o
                0x080024de                HAL_PCDEx_SetRxFiFo
 .text.HAL_PCDEx_LPM_Callback
                0x08002500       0x18 ./Drivers/STM32F4xx_HAL_Driver/Src/stm32f4xx_hal_pcd_ex.o
                0x08002500                HAL_PCDEx_LPM_Callback
 .text.HAL_RCC_OscConfig
                0x08002518      0x4f0 ./Drivers/STM32F4xx_HAL_Driver/Src/stm32f4xx_hal_rcc.o
                0x08002518                HAL_RCC_OscConfig
 .text.HAL_RCC_ClockConfig
                0x08002a08      0x1cc ./Drivers/STM32F4xx_HAL_Driver/Src/stm32f4xx_hal_rcc.o
                0x08002a08                HAL_RCC_ClockConfig
 .text.HAL_RCC_GetSysClockFreq
                0x08002bd4      0x18c ./Drivers/STM32F4xx_HAL_Driver/Src/stm32f4xx_hal_rcc.o
                0x08002bd4                HAL_RCC_GetSysClockFreq
 .text.HAL_RCC_GetHCLKFreq
                0x08002d60       0x18 ./Drivers/STM32F4xx_HAL_Driver/Src/stm32f4xx_hal_rcc.o
                0x08002d60                HAL_RCC_GetHCLKFreq
 .text.USB_CoreInit
                0x08002d78       0xc8 ./Drivers/STM32F4xx_HAL_Driver/Src/stm32f4xx_ll_usb.o
                0x08002d78                USB_CoreInit
 .text.USB_SetTurnaroundTime
                0x08002e40      0x144 ./Drivers/STM32F4xx_HAL_Driver/Src/stm32f4xx_ll_usb.o
                0x08002e40                USB_SetTurnaroundTime
 .text.USB_EnableGlobalInt
                0x08002f84       0x22 ./Drivers/STM32F4xx_HAL_Driver/Src/stm32f4xx_ll_usb.o
                0x08002f84                USB_EnableGlobalInt
 .text.USB_DisableGlobalInt
                0x08002fa6       0x22 ./Drivers/STM32F4xx_HAL_Driver/Src/stm32f4xx_ll_usb.o
                0x08002fa6                USB_DisableGlobalInt
 .text.USB_SetCurrentMode
                0x08002fc8       0x98 ./Drivers/STM32F4xx_HAL_Driver/Src/stm32f4xx_ll_usb.o
                0x08002fc8                USB_SetCurrentMode
 .text.USB_DevInit
                0x08003060      0x2c8 ./Drivers/STM32F4xx_HAL_Driver/Src/stm32f4xx_ll_usb.o
                0x08003060                USB_DevInit
 .text.USB_FlushTxFifo
                0x08003328       0x64 ./Drivers/STM32F4xx_HAL_Driver/Src/stm32f4xx_ll_usb.o
                0x08003328                USB_FlushTxFifo
 .text.USB_FlushRxFifo
                0x0800338c       0x5c ./Drivers/STM32F4xx_HAL_Driver/Src/stm32f4xx_ll_usb.o
                0x0800338c                USB_FlushRxFifo
 .text.USB_SetDevSpeed
                0x080033e8       0x32 ./Drivers/STM32F4xx_HAL_Driver/Src/stm32f4xx_ll_usb.o
                0x080033e8                USB_SetDevSpeed
 .text.USB_GetDevSpeed
                0x0800341a       0x4a ./Drivers/STM32F4xx_HAL_Driver/Src/stm32f4xx_ll_usb.o
                0x0800341a                USB_GetDevSpeed
 .text.USB_ActivateEndpoint
                0x08003464      0x10e ./Drivers/STM32F4xx_HAL_Driver/Src/stm32f4xx_ll_usb.o
                0x08003464                USB_ActivateEndpoint
 *fill*         0x08003572        0x2 
 .text.USB_DeactivateEndpoint
                0x08003574      0x1b8 ./Drivers/STM32F4xx_HAL_Driver/Src/stm32f4xx_ll_usb.o
                0x08003574                USB_DeactivateEndpoint
 .text.USB_EPStartXfer
                0x0800372c      0x53c ./Drivers/STM32F4xx_HAL_Driver/Src/stm32f4xx_ll_usb.o
                0x0800372c                USB_EPStartXfer
 .text.USB_EPStopXfer
                0x08003c68      0x154 ./Drivers/STM32F4xx_HAL_Driver/Src/stm32f4xx_ll_usb.o
                0x08003c68                USB_EPStopXfer
 .text.USB_WritePacket
                0x08003dbc       0x7c ./Drivers/STM32F4xx_HAL_Driver/Src/stm32f4xx_ll_usb.o
                0x08003dbc                USB_WritePacket
 .text.USB_ReadPacket
                0x08003e38       0xb0 ./Drivers/STM32F4xx_HAL_Driver/Src/stm32f4xx_ll_usb.o
                0x08003e38                USB_ReadPacket
 .text.USB_EPSetStall
                0x08003ee8       0xdc ./Drivers/STM32F4xx_HAL_Driver/Src/stm32f4xx_ll_usb.o
                0x08003ee8                USB_EPSetStall
 .text.USB_EPClearStall
                0x08003fc4       0xcc ./Drivers/STM32F4xx_HAL_Driver/Src/stm32f4xx_ll_usb.o
                0x08003fc4                USB_EPClearStall
 .text.USB_SetDevAddress
                0x08004090       0x4c ./Drivers/STM32F4xx_HAL_Driver/Src/stm32f4xx_ll_usb.o
                0x08004090                USB_SetDevAddress
 .text.USB_DevConnect
                0x080040dc       0x42 ./Drivers/STM32F4xx_HAL_Driver/Src/stm32f4xx_ll_usb.o
                0x080040dc                USB_DevConnect
 .text.USB_DevDisconnect
                0x0800411e       0x42 ./Drivers/STM32F4xx_HAL_Driver/Src/stm32f4xx_ll_usb.o
                0x0800411e                USB_DevDisconnect
 .text.USB_ReadInterrupts
                0x08004160       0x26 ./Drivers/STM32F4xx_HAL_Driver/Src/stm32f4xx_ll_usb.o
                0x08004160                USB_ReadInterrupts
 .text.USB_ReadDevAllOutEpInterrupt
                0x08004186       0x34 ./Drivers/STM32F4xx_HAL_Driver/Src/stm32f4xx_ll_usb.o
                0x08004186                USB_ReadDevAllOutEpInterrupt
 .text.USB_ReadDevAllInEpInterrupt
                0x080041ba       0x34 ./Drivers/STM32F4xx_HAL_Driver/Src/stm32f4xx_ll_usb.o
                0x080041ba                USB_ReadDevAllInEpInterrupt
 .text.USB_ReadDevOutEPInterrupt
                0x080041ee       0x3c ./Drivers/STM32F4xx_HAL_Driver/Src/stm32f4xx_ll_usb.o
                0x080041ee                USB_ReadDevOutEPInterrupt
 .text.USB_ReadDevInEPInterrupt
                0x0800422a       0x5c ./Drivers/STM32F4xx_HAL_Driver/Src/stm32f4xx_ll_usb.o
                0x0800422a                USB_ReadDevInEPInterrupt
 .text.USB_GetMode
                0x08004286       0x1c ./Drivers/STM32F4xx_HAL_Driver/Src/stm32f4xx_ll_usb.o
                0x08004286                USB_GetMode
 .text.USB_ActivateSetup
                0x080042a2       0x46 ./Drivers/STM32F4xx_HAL_Driver/Src/stm32f4xx_ll_usb.o
                0x080042a2                USB_ActivateSetup
 .text.USB_EP0_OutStart
                0x080042e8       0xbc ./Drivers/STM32F4xx_HAL_Driver/Src/stm32f4xx_ll_usb.o
                0x080042e8                USB_EP0_OutStart
 .text.USB_CoreReset
                0x080043a4       0x62 ./Drivers/STM32F4xx_HAL_Driver/Src/stm32f4xx_ll_usb.o
 *fill*         0x08004406        0x2 
 .text.USBD_HID_Init
                0x08004408       0xcc ./Middlewares/ST/STM32_USB_Device_Library/Class/HID/Src/usbd_hid.o
 .text.USBD_HID_DeInit
                0x080044d4       0x90 ./Middlewares/ST/STM32_USB_Device_Library/Class/HID/Src/usbd_hid.o
 .text.USBD_HID_Setup
                0x08004564      0x210 ./Middlewares/ST/STM32_USB_Device_Library/Class/HID/Src/usbd_hid.o
 .text.USBD_HID_SendReport
                0x08004774       0x60 ./Middlewares/ST/STM32_USB_Device_Library/Class/HID/Src/usbd_hid.o
                0x08004774                USBD_HID_SendReport
 .text.USBD_HID_GetFSCfgDesc
                0x080047d4       0x34 ./Middlewares/ST/STM32_USB_Device_Library/Class/HID/Src/usbd_hid.o
 .text.USBD_HID_GetHSCfgDesc
                0x08004808       0x34 ./Middlewares/ST/STM32_USB_Device_Library/Class/HID/Src/usbd_hid.o
 .text.USBD_HID_GetOtherSpeedCfgDesc
                0x0800483c       0x34 ./Middlewares/ST/STM32_USB_Device_Library/Class/HID/Src/usbd_hid.o
 .text.USBD_HID_DataIn
                0x08004870       0x2c ./Middlewares/ST/STM32_USB_Device_Library/Class/HID/Src/usbd_hid.o
 .text.USBD_HID_GetDeviceQualifierDesc
                0x0800489c       0x20 ./Middlewares/ST/STM32_USB_Device_Library/Class/HID/Src/usbd_hid.o
 .text.USBD_Init
                0x080048bc       0x60 ./Middlewares/ST/STM32_USB_Device_Library/Core/Src/usbd_core.o
                0x080048bc                USBD_Init
 .text.USBD_RegisterClass
                0x0800491c       0x6c ./Middlewares/ST/STM32_USB_Device_Library/Core/Src/usbd_core.o
                0x0800491c                USBD_RegisterClass
 .text.USBD_Start
                0x08004988       0x18 ./Middlewares/ST/STM32_USB_Device_Library/Core/Src/usbd_core.o
                0x08004988                USBD_Start
 .text.USBD_RunTestMode
                0x080049a0       0x16 ./Middlewares/ST/STM32_USB_Device_Library/Core/Src/usbd_core.o
                0x080049a0                USBD_RunTestMode
 .text.USBD_SetClassConfig
                0x080049b6       0x38 ./Middlewares/ST/STM32_USB_Device_Library/Core/Src/usbd_core.o
                0x080049b6                USBD_SetClassConfig
 .text.USBD_ClrClassConfig
                0x080049ee       0x34 ./Middlewares/ST/STM32_USB_Device_Library/Core/Src/usbd_core.o
                0x080049ee                USBD_ClrClassConfig
 .text.USBD_LL_SetupStage
                0x08004a22       0xaa ./Middlewares/ST/STM32_USB_Device_Library/Core/Src/usbd_core.o
                0x08004a22                USBD_LL_SetupStage
 .text.USBD_LL_DataOutStage
                0x08004acc      0x166 ./Middlewares/ST/STM32_USB_Device_Library/Core/Src/usbd_core.o
                0x08004acc                USBD_LL_DataOutStage
 .text.USBD_LL_DataInStage
                0x08004c32      0x164 ./Middlewares/ST/STM32_USB_Device_Library/Core/Src/usbd_core.o
                0x08004c32                USBD_LL_DataInStage
 .text.USBD_LL_Reset
                0x08004d96       0xa4 ./Middlewares/ST/STM32_USB_Device_Library/Core/Src/usbd_core.o
                0x08004d96                USBD_LL_Reset
 .text.USBD_LL_SetSpeed
                0x08004e3a       0x20 ./Middlewares/ST/STM32_USB_Device_Library/Core/Src/usbd_core.o
                0x08004e3a                USBD_LL_SetSpeed
 .text.USBD_LL_Suspend
                0x08004e5a       0x38 ./Middlewares/ST/STM32_USB_Device_Library/Core/Src/usbd_core.o
                0x08004e5a                USBD_LL_Suspend
 .text.USBD_LL_Resume
                0x08004e92       0x30 ./Middlewares/ST/STM32_USB_Device_Library/Core/Src/usbd_core.o
                0x08004e92                USBD_LL_Resume
 .text.USBD_LL_SOF
                0x08004ec2       0x40 ./Middlewares/ST/STM32_USB_Device_Library/Core/Src/usbd_core.o
                0x08004ec2                USBD_LL_SOF
 .text.USBD_LL_IsoINIncomplete
                0x08004f02       0x64 ./Middlewares/ST/STM32_USB_Device_Library/Core/Src/usbd_core.o
                0x08004f02                USBD_LL_IsoINIncomplete
 .text.USBD_LL_IsoOUTIncomplete
                0x08004f66       0x64 ./Middlewares/ST/STM32_USB_Device_Library/Core/Src/usbd_core.o
                0x08004f66                USBD_LL_IsoOUTIncomplete
 .text.USBD_LL_DevConnected
                0x08004fca       0x16 ./Middlewares/ST/STM32_USB_Device_Library/Core/Src/usbd_core.o
                0x08004fca                USBD_LL_DevConnected
 .text.USBD_LL_DevDisconnected
                0x08004fe0       0x46 ./Middlewares/ST/STM32_USB_Device_Library/Core/Src/usbd_core.o
                0x08004fe0                USBD_LL_DevDisconnected
 .text.USBD_CoreFindIF
                0x08005026       0x1a ./Middlewares/ST/STM32_USB_Device_Library/Core/Src/usbd_core.o
                0x08005026                USBD_CoreFindIF
 .text.USBD_CoreFindEP
                0x08005040       0x1a ./Middlewares/ST/STM32_USB_Device_Library/Core/Src/usbd_core.o
                0x08005040                USBD_CoreFindEP
 .text.USBD_GetEpDesc
                0x0800505a       0x70 ./Middlewares/ST/STM32_USB_Device_Library/Core/Src/usbd_core.o
                0x0800505a                USBD_GetEpDesc
 .text.USBD_GetNextDesc
                0x080050ca       0x38 ./Middlewares/ST/STM32_USB_Device_Library/Core/Src/usbd_core.o
                0x080050ca                USBD_GetNextDesc
 .text.SWAPBYTE
                0x08005102       0x3c ./Middlewares/ST/STM32_USB_Device_Library/Core/Src/usbd_ctlreq.o
 *fill*         0x0800513e        0x2 
 .text.USBD_StdDevReq
                0x08005140       0xe4 ./Middlewares/ST/STM32_USB_Device_Library/Core/Src/usbd_ctlreq.o
                0x08005140                USBD_StdDevReq
 .text.USBD_StdItfReq
                0x08005224       0xd8 ./Middlewares/ST/STM32_USB_Device_Library/Core/Src/usbd_ctlreq.o
                0x08005224                USBD_StdItfReq
 .text.USBD_StdEPReq
                0x080052fc      0x33a ./Middlewares/ST/STM32_USB_Device_Library/Core/Src/usbd_ctlreq.o
                0x080052fc                USBD_StdEPReq
 *fill*         0x08005636        0x2 
 .text.USBD_GetDescriptor
                0x08005638      0x2d4 ./Middlewares/ST/STM32_USB_Device_Library/Core/Src/usbd_ctlreq.o
 .text.USBD_SetAddress
                0x0800590c       0x88 ./Middlewares/ST/STM32_USB_Device_Library/Core/Src/usbd_ctlreq.o
 .text.USBD_SetConfig
                0x08005994      0x154 ./Middlewares/ST/STM32_USB_Device_Library/Core/Src/usbd_ctlreq.o
 .text.USBD_GetConfig
                0x08005ae8       0x6c ./Middlewares/ST/STM32_USB_Device_Library/Core/Src/usbd_ctlreq.o
 .text.USBD_GetStatus
                0x08005b54       0x68 ./Middlewares/ST/STM32_USB_Device_Library/Core/Src/usbd_ctlreq.o
 .text.USBD_SetFeature
                0x08005bbc       0x52 ./Middlewares/ST/STM32_USB_Device_Library/Core/Src/usbd_ctlreq.o
 .text.USBD_ClrFeature
                0x08005c0e       0x44 ./Middlewares/ST/STM32_USB_Device_Library/Core/Src/usbd_ctlreq.o
 .text.USBD_ParseSetupRequest
                0x08005c52       0x74 ./Middlewares/ST/STM32_USB_Device_Library/Core/Src/usbd_ctlreq.o
                0x08005c52                USBD_ParseSetupRequest
 .text.USBD_CtlError
                0x08005cc6       0x22 ./Middlewares/ST/STM32_USB_Device_Library/Core/Src/usbd_ctlreq.o
                0x08005cc6                USBD_CtlError
 .text.USBD_GetString
                0x08005ce8       0xa4 ./Middlewares/ST/STM32_USB_Device_Library/Core/Src/usbd_ctlreq.o
                0x08005ce8                USBD_GetString
 .text.USBD_GetLen
                0x08005d8c       0x34 ./Middlewares/ST/STM32_USB_Device_Library/Core/Src/usbd_ctlreq.o
 .text.USBD_CtlSendData
                0x08005dc0       0x36 ./Middlewares/ST/STM32_USB_Device_Library/Core/Src/usbd_ioreq.o
                0x08005dc0                USBD_CtlSendData
 .text.USBD_CtlContinueSendData
                0x08005df6       0x22 ./Middlewares/ST/STM32_USB_Device_Library/Core/Src/usbd_ioreq.o
                0x08005df6                USBD_CtlContinueSendData
 .text.USBD_CtlContinueRx
                0x08005e18       0x22 ./Middlewares/ST/STM32_USB_Device_Library/Core/Src/usbd_ioreq.o
                0x08005e18                USBD_CtlContinueRx
 .text.USBD_CtlSendStatus
                0x08005e3a       0x26 ./Middlewares/ST/STM32_USB_Device_Library/Core/Src/usbd_ioreq.o
                0x08005e3a                USBD_CtlSendStatus
 .text.USBD_CtlReceiveStatus
                0x08005e60       0x26 ./Middlewares/ST/STM32_USB_Device_Library/Core/Src/usbd_ioreq.o
                0x08005e60                USBD_CtlReceiveStatus
 *fill*         0x08005e86        0x2 
 .text.MX_USB_DEVICE_Init
                0x08005e88       0x4c ./USB_DEVICE/App/usb_device.o
                0x08005e88                MX_USB_DEVICE_Init
 .text.USBD_FS_DeviceDescriptor
                0x08005ed4       0x24 ./USB_DEVICE/App/usbd_desc.o
                0x08005ed4                USBD_FS_DeviceDescriptor
 .text.USBD_FS_LangIDStrDescriptor
                0x08005ef8       0x24 ./USB_DEVICE/App/usbd_desc.o
                0x08005ef8                USBD_FS_LangIDStrDescriptor
 .text.USBD_FS_ProductStrDescriptor
                0x08005f1c       0x3c ./USB_DEVICE/App/usbd_desc.o
                0x08005f1c                USBD_FS_ProductStrDescriptor
 .text.USBD_FS_ManufacturerStrDescriptor
                0x08005f58       0x28 ./USB_DEVICE/App/usbd_desc.o
                0x08005f58                USBD_FS_ManufacturerStrDescriptor
 .text.USBD_FS_SerialStrDescriptor
                0x08005f80       0x24 ./USB_DEVICE/App/usbd_desc.o
                0x08005f80                USBD_FS_SerialStrDescriptor
 .text.USBD_FS_ConfigStrDescriptor
                0x08005fa4       0x3c ./USB_DEVICE/App/usbd_desc.o
                0x08005fa4                USBD_FS_ConfigStrDescriptor
 .text.USBD_FS_InterfaceStrDescriptor
                0x08005fe0       0x3c ./USB_DEVICE/App/usbd_desc.o
                0x08005fe0                USBD_FS_InterfaceStrDescriptor
 .text.Get_SerialNum
                0x0800601c       0x58 ./USB_DEVICE/App/usbd_desc.o
 .text.IntToUnicode
                0x08006074       0x7e ./USB_DEVICE/App/usbd_desc.o
 *fill*         0x080060f2        0x2 
 .text.HAL_PCD_MspInit
                0x080060f4       0xa8 ./USB_DEVICE/Target/usbd_conf.o
                0x080060f4                HAL_PCD_MspInit
 .text.HAL_PCD_SetupStageCallback
                0x0800619c       0x24 ./USB_DEVICE/Target/usbd_conf.o
                0x0800619c                HAL_PCD_SetupStageCallback
 .text.HAL_PCD_DataOutStageCallback
                0x080061c0       0x36 ./USB_DEVICE/Target/usbd_conf.o
                0x080061c0                HAL_PCD_DataOutStageCallback
 .text.HAL_PCD_DataInStageCallback
                0x080061f6       0x34 ./USB_DEVICE/Target/usbd_conf.o
                0x080061f6                HAL_PCD_DataInStageCallback
 .text.HAL_PCD_SOFCallback
                0x0800622a       0x1c ./USB_DEVICE/Target/usbd_conf.o
                0x0800622a                HAL_PCD_SOFCallback
 .text.HAL_PCD_ResetCallback
                0x08006246       0x3c ./USB_DEVICE/Target/usbd_conf.o
                0x08006246                HAL_PCD_ResetCallback
 *fill*         0x08006282        0x2 
 .text.HAL_PCD_SuspendCallback
                0x08006284       0x4c ./USB_DEVICE/Target/usbd_conf.o
                0x08006284                HAL_PCD_SuspendCallback
 .text.HAL_PCD_ResumeCallback
                0x080062d0       0x1c ./USB_DEVICE/Target/usbd_conf.o
                0x080062d0                HAL_PCD_ResumeCallback
 .text.HAL_PCD_ISOOUTIncompleteCallback
                0x080062ec       0x24 ./USB_DEVICE/Target/usbd_conf.o
                0x080062ec                HAL_PCD_ISOOUTIncompleteCallback
 .text.HAL_PCD_ISOINIncompleteCallback
                0x08006310       0x24 ./USB_DEVICE/Target/usbd_conf.o
                0x08006310                HAL_PCD_ISOINIncompleteCallback
 .text.HAL_PCD_ConnectCallback
                0x08006334       0x1c ./USB_DEVICE/Target/usbd_conf.o
                0x08006334                HAL_PCD_ConnectCallback
 .text.HAL_PCD_DisconnectCallback
                0x08006350       0x1c ./USB_DEVICE/Target/usbd_conf.o
                0x08006350                HAL_PCD_DisconnectCallback
 .text.USBD_LL_Init
                0x0800636c       0x98 ./USB_DEVICE/Target/usbd_conf.o
                0x0800636c                USBD_LL_Init
 .text.USBD_LL_Start
                0x08006404       0x36 ./USB_DEVICE/Target/usbd_conf.o
                0x08006404                USBD_LL_Start
 .text.USBD_LL_OpenEP
                0x0800643a       0x4c ./USB_DEVICE/Target/usbd_conf.o
                0x0800643a                USBD_LL_OpenEP
 .text.USBD_LL_CloseEP
                0x08006486       0x3e ./USB_DEVICE/Target/usbd_conf.o
                0x08006486                USBD_LL_CloseEP
 .text.USBD_LL_StallEP
                0x080064c4       0x3e ./USB_DEVICE/Target/usbd_conf.o
                0x080064c4                USBD_LL_StallEP
 .text.USBD_LL_ClearStallEP
                0x08006502       0x3e ./USB_DEVICE/Target/usbd_conf.o
                0x08006502                USBD_LL_ClearStallEP
 .text.USBD_LL_IsStallEP
                0x08006540       0x58 ./USB_DEVICE/Target/usbd_conf.o
                0x08006540                USBD_LL_IsStallEP
 .text.USBD_LL_SetUSBAddress
                0x08006598       0x3e ./USB_DEVICE/Target/usbd_conf.o
                0x08006598                USBD_LL_SetUSBAddress
 .text.USBD_LL_Transmit
                0x080065d6       0x42 ./USB_DEVICE/Target/usbd_conf.o
                0x080065d6                USBD_LL_Transmit
 .text.USBD_LL_PrepareReceive
                0x08006618       0x42 ./USB_DEVICE/Target/usbd_conf.o
                0x08006618                USBD_LL_PrepareReceive
 *fill*         0x0800665a        0x2 
 .text.USBD_static_malloc
                0x0800665c       0x1c ./USB_DEVICE/Target/usbd_conf.o
                0x0800665c                USBD_static_malloc
 .text.USBD_static_free
                0x08006678       0x14 ./USB_DEVICE/Target/usbd_conf.o
                0x08006678                USBD_static_free
 .text.USBD_Get_USB_Status
                0x0800668c       0x58 ./USB_DEVICE/Target/usbd_conf.o
                0x0800668c                USBD_Get_USB_Status
 .text.memset   0x080066e4       0x10 C:/Users/1999n/STM32CubeIDE_1.15.1/STM32CubeIDE/plugins/com.st.stm32cube.ide.mcu.externaltools.gnu-tools-for-stm32.12.3.rel1.win32_1.0.100.202403111256/tools/bin/../lib/gcc/arm-none-eabi/12.3.1/../../../../arm-none-eabi/lib/thumb/v7e-m+fp/hard\libc_nano.a(libc_a-memset.o)
                0x080066e4                memset
 .text.__libc_init_array
                0x080066f4       0x48 C:/Users/1999n/STM32CubeIDE_1.15.1/STM32CubeIDE/plugins/com.st.stm32cube.ide.mcu.externaltools.gnu-tools-for-stm32.12.3.rel1.win32_1.0.100.202403111256/tools/bin/../lib/gcc/arm-none-eabi/12.3.1/../../../../arm-none-eabi/lib/thumb/v7e-m+fp/hard\libc_nano.a(libc_a-init.o)
                0x080066f4                __libc_init_array
 *(.glue_7)
 .glue_7        0x0800673c        0x0 linker stubs
 *(.glue_7t)
 .glue_7t       0x0800673c        0x0 linker stubs
 *(.eh_frame)
 .eh_frame      0x0800673c        0x0 C:/Users/1999n/STM32CubeIDE_1.15.1/STM32CubeIDE/plugins/com.st.stm32cube.ide.mcu.externaltools.gnu-tools-for-stm32.12.3.rel1.win32_1.0.100.202403111256/tools/bin/../lib/gcc/arm-none-eabi/12.3.1/thumb/v7e-m+fp/hard/crtbegin.o
 *(.init)
 .init          0x0800673c        0x4 C:/Users/1999n/STM32CubeIDE_1.15.1/STM32CubeIDE/plugins/com.st.stm32cube.ide.mcu.externaltools.gnu-tools-for-stm32.12.3.rel1.win32_1.0.100.202403111256/tools/bin/../lib/gcc/arm-none-eabi/12.3.1/thumb/v7e-m+fp/hard/crti.o
                0x0800673c                _init
 .init          0x08006740        0x8 C:/Users/1999n/STM32CubeIDE_1.15.1/STM32CubeIDE/plugins/com.st.stm32cube.ide.mcu.externaltools.gnu-tools-for-stm32.12.3.rel1.win32_1.0.100.202403111256/tools/bin/../lib/gcc/arm-none-eabi/12.3.1/thumb/v7e-m+fp/hard/crtn.o
 *(.fini)
 .fini          0x08006748        0x4 C:/Users/1999n/STM32CubeIDE_1.15.1/STM32CubeIDE/plugins/com.st.stm32cube.ide.mcu.externaltools.gnu-tools-for-stm32.12.3.rel1.win32_1.0.100.202403111256/tools/bin/../lib/gcc/arm-none-eabi/12.3.1/thumb/v7e-m+fp/hard/crti.o
                0x08006748                _fini
 .fini          0x0800674c        0x8 C:/Users/1999n/STM32CubeIDE_1.15.1/STM32CubeIDE/plugins/com.st.stm32cube.ide.mcu.externaltools.gnu-tools-for-stm32.12.3.rel1.win32_1.0.100.202403111256/tools/bin/../lib/gcc/arm-none-eabi/12.3.1/thumb/v7e-m+fp/hard/crtn.o
                0x08006754                        . = ALIGN (0x4)
                0x08006754                        _etext = .

.vfp11_veneer   0x08006754        0x0
 .vfp11_veneer  0x08006754        0x0 linker stubs

.v4_bx          0x08006754        0x0
 .v4_bx         0x08006754        0x0 linker stubs

.iplt           0x08006754        0x0
 .iplt          0x08006754        0x0 C:/Users/1999n/STM32CubeIDE_1.15.1/STM32CubeIDE/plugins/com.st.stm32cube.ide.mcu.externaltools.gnu-tools-for-stm32.12.3.rel1.win32_1.0.100.202403111256/tools/bin/../lib/gcc/arm-none-eabi/12.3.1/thumb/v7e-m+fp/hard/crtbegin.o

.rodata         0x08006754       0x8c
                0x08006754                        . = ALIGN (0x4)
 *(.rodata)
 .rodata        0x08006754       0x46 ./USB_DEVICE/App/usbd_desc.o
 *(.rodata*)
 *fill*         0x0800679a        0x2 
 .rodata.matrix
                0x0800679c       0x19 ./Core/Src/main.o
                0x0800679c                matrix
 *fill*         0x080067b5        0x3 
 .rodata.inputPins
                0x080067b8        0xa ./Core/Src/main.o
                0x080067b8                inputPins
 *fill*         0x080067c2        0x2 
 .rodata.outputPins
                0x080067c4        0xa ./Core/Src/main.o
                0x080067c4                outputPins
 *fill*         0x080067ce        0x2 
 .rodata.AHBPrescTable
                0x080067d0       0x10 ./Core/Src/system_stm32f4xx.o
                0x080067d0                AHBPrescTable
                0x080067e0                        . = ALIGN (0x4)

.ARM.extab      0x080067e0        0x0
                0x080067e0                        . = ALIGN (0x4)
 *(.ARM.extab* .gnu.linkonce.armextab.*)
                0x080067e0                        . = ALIGN (0x4)

.ARM            0x080067e0        0x8
                0x080067e0                        . = ALIGN (0x4)
                0x080067e0                        __exidx_start = .
 *(.ARM.exidx*)
 .ARM.exidx     0x080067e0        0x8 C:/Users/1999n/STM32CubeIDE_1.15.1/STM32CubeIDE/plugins/com.st.stm32cube.ide.mcu.externaltools.gnu-tools-for-stm32.12.3.rel1.win32_1.0.100.202403111256/tools/bin/../lib/gcc/arm-none-eabi/12.3.1/thumb/v7e-m+fp/hard\libgcc.a(_udivmoddi4.o)
                0x080067e8                        __exidx_end = .
                0x080067e8                        . = ALIGN (0x4)

.preinit_array  0x080067e8        0x0
                0x080067e8                        . = ALIGN (0x4)
                0x080067e8                        PROVIDE (__preinit_array_start = .)
 *(.preinit_array*)
                0x080067e8                        PROVIDE (__preinit_array_end = .)
                0x080067e8                        . = ALIGN (0x4)

.init_array     0x080067e8        0x4
                0x080067e8                        . = ALIGN (0x4)
                0x080067e8                        PROVIDE (__init_array_start = .)
 *(SORT_BY_NAME(.init_array.*))
 *(.init_array*)
 .init_array    0x080067e8        0x4 C:/Users/1999n/STM32CubeIDE_1.15.1/STM32CubeIDE/plugins/com.st.stm32cube.ide.mcu.externaltools.gnu-tools-for-stm32.12.3.rel1.win32_1.0.100.202403111256/tools/bin/../lib/gcc/arm-none-eabi/12.3.1/thumb/v7e-m+fp/hard/crtbegin.o
                0x080067ec                        PROVIDE (__init_array_end = .)
                0x080067ec                        . = ALIGN (0x4)

.fini_array     0x080067ec        0x4
                0x080067ec                        . = ALIGN (0x4)
                [!provide]                        PROVIDE (__fini_array_start = .)
 *(SORT_BY_NAME(.fini_array.*))
 *(.fini_array*)
 .fini_array    0x080067ec        0x4 C:/Users/1999n/STM32CubeIDE_1.15.1/STM32CubeIDE/plugins/com.st.stm32cube.ide.mcu.externaltools.gnu-tools-for-stm32.12.3.rel1.win32_1.0.100.202403111256/tools/bin/../lib/gcc/arm-none-eabi/12.3.1/thumb/v7e-m+fp/hard/crtbegin.o
                [!provide]                        PROVIDE (__fini_array_end = .)
                0x080067f0                        . = ALIGN (0x4)
                0x080067f0                        _sidata = LOADADDR (.data)

.rel.dyn        0x080067f0        0x0
 .rel.iplt      0x080067f0        0x0 C:/Users/1999n/STM32CubeIDE_1.15.1/STM32CubeIDE/plugins/com.st.stm32cube.ide.mcu.externaltools.gnu-tools-for-stm32.12.3.rel1.win32_1.0.100.202403111256/tools/bin/../lib/gcc/arm-none-eabi/12.3.1/thumb/v7e-m+fp/hard/crtbegin.o

.data           0x20000000      0x110 load address 0x080067f0
                0x20000000                        . = ALIGN (0x4)
                0x20000000                        _sdata = .
 *(.data)
 *(.data*)
 .data.SystemCoreClock
                0x20000000        0x4 ./Core/Src/system_stm32f4xx.o
                0x20000000                SystemCoreClock
 .data.uwTickPrio
                0x20000004        0x4 ./Drivers/STM32F4xx_HAL_Driver/Src/stm32f4xx_hal.o
                0x20000004                uwTickPrio
 .data.uwTickFreq
                0x20000008        0x1 ./Drivers/STM32F4xx_HAL_Driver/Src/stm32f4xx_hal.o
                0x20000008                uwTickFreq
 *fill*         0x20000009        0x3 
 .data.USBD_HID
                0x2000000c       0x38 ./Middlewares/ST/STM32_USB_Device_Library/Class/HID/Src/usbd_hid.o
                0x2000000c                USBD_HID
 .data.USBD_HID_CfgDesc
                0x20000044       0x22 ./Middlewares/ST/STM32_USB_Device_Library/Class/HID/Src/usbd_hid.o
 *fill*         0x20000066        0x2 
 .data.USBD_HID_Desc
                0x20000068        0x9 ./Middlewares/ST/STM32_USB_Device_Library/Class/HID/Src/usbd_hid.o
 *fill*         0x20000071        0x3 
 .data.USBD_HID_DeviceQualifierDesc
                0x20000074        0xa ./Middlewares/ST/STM32_USB_Device_Library/Class/HID/Src/usbd_hid.o
 *fill*         0x2000007e        0x2 
 .data.HID_MOUSE_ReportDesc
                0x20000080       0x3f ./Middlewares/ST/STM32_USB_Device_Library/Class/HID/Src/usbd_hid.o
 .data.HIDInEpAdd
                0x200000bf        0x1 ./Middlewares/ST/STM32_USB_Device_Library/Class/HID/Src/usbd_hid.o
 .data.FS_Desc  0x200000c0       0x1c ./USB_DEVICE/App/usbd_desc.o
                0x200000c0                FS_Desc
 .data.USBD_FS_DeviceDesc
                0x200000dc       0x12 ./USB_DEVICE/App/usbd_desc.o
                0x200000dc                USBD_FS_DeviceDesc
 *fill*         0x200000ee        0x2 
 .data.USBD_LangIDDesc
                0x200000f0        0x4 ./USB_DEVICE/App/usbd_desc.o
                0x200000f0                USBD_LangIDDesc
 .data.USBD_StringSerial
                0x200000f4       0x1a ./USB_DEVICE/App/usbd_desc.o
                0x200000f4                USBD_StringSerial
 *(.RamFunc)
 *(.RamFunc*)
                0x20000110                        . = ALIGN (0x4)
 *fill*         0x2000010e        0x2 
                0x20000110                        _edata = .

.igot.plt       0x20000110        0x0 load address 0x08006900
 .igot.plt      0x20000110        0x0 C:/Users/1999n/STM32CubeIDE_1.15.1/STM32CubeIDE/plugins/com.st.stm32cube.ide.mcu.externaltools.gnu-tools-for-stm32.12.3.rel1.win32_1.0.100.202403111256/tools/bin/../lib/gcc/arm-none-eabi/12.3.1/thumb/v7e-m+fp/hard/crtbegin.o
                0x20000110                        . = ALIGN (0x4)

.bss            0x20000110      0xa1c load address 0x08006900
                0x20000110                        _sbss = .
                0x20000110                        __bss_start__ = _sbss
 *(.bss)
 .bss           0x20000110       0x1c C:/Users/1999n/STM32CubeIDE_1.15.1/STM32CubeIDE/plugins/com.st.stm32cube.ide.mcu.externaltools.gnu-tools-for-stm32.12.3.rel1.win32_1.0.100.202403111256/tools/bin/../lib/gcc/arm-none-eabi/12.3.1/thumb/v7e-m+fp/hard/crtbegin.o
 *(.bss*)
 .bss.prevKeyPressed
                0x2000012c       0x19 ./Core/Src/main.o
                0x2000012c                prevKeyPressed
 .bss.lastKeyCount.1
                0x20000145        0x1 ./Core/Src/main.o
 *fill*         0x20000146        0x2 
 .bss.lastActiveKeys.0
                0x20000148        0x6 ./Core/Src/main.o
 *fill*         0x2000014e        0x2 
 .bss.uwTick    0x20000150        0x4 ./Drivers/STM32F4xx_HAL_Driver/Src/stm32f4xx_hal.o
                0x20000150                uwTick
 .bss.cfgidx.0  0x20000154        0x1 ./Middlewares/ST/STM32_USB_Device_Library/Core/Src/usbd_ctlreq.o
 *fill*         0x20000155        0x3 
 .bss.hUsbDeviceFS
                0x20000158      0x2dc ./USB_DEVICE/App/usb_device.o
                0x20000158                hUsbDeviceFS
 .bss.USBD_StrDesc
                0x20000434      0x200 ./USB_DEVICE/App/usbd_desc.o
                0x20000434                USBD_StrDesc
 .bss.hpcd_USB_OTG_FS
                0x20000634      0x4e4 ./USB_DEVICE/Target/usbd_conf.o
                0x20000634                hpcd_USB_OTG_FS
 .bss.mem.0     0x20000b18       0x14 ./USB_DEVICE/Target/usbd_conf.o
 *(COMMON)
                0x20000b2c                        . = ALIGN (0x4)
                0x20000b2c                        _ebss = .
                0x20000b2c                        __bss_end__ = _ebss

._user_heap_stack
                0x20000b2c      0x604 load address 0x08006900
                0x20000b30                        . = ALIGN (0x8)
 *fill*         0x20000b2c        0x4 
                [!provide]                        PROVIDE (end = .)
                0x20000b30                        PROVIDE (_end = .)
                0x20000d30                        . = (. + _Min_Heap_Size)
 *fill*         0x20000b30      0x200 
                0x20001130                        . = (. + _Min_Stack_Size)
 *fill*         0x20000d30      0x400 
                0x20001130                        . = ALIGN (0x8)

/DISCARD/
 libc.a(*)
 libm.a(*)
 libgcc.a(*)

.ARM.attributes
                0x00000000       0x30
 *(.ARM.attributes)
 .ARM.attributes
                0x00000000       0x22 C:/Users/1999n/STM32CubeIDE_1.15.1/STM32CubeIDE/plugins/com.st.stm32cube.ide.mcu.externaltools.gnu-tools-for-stm32.12.3.rel1.win32_1.0.100.202403111256/tools/bin/../lib/gcc/arm-none-eabi/12.3.1/thumb/v7e-m+fp/hard/crti.o
 .ARM.attributes
                0x00000022       0x34 C:/Users/1999n/STM32CubeIDE_1.15.1/STM32CubeIDE/plugins/com.st.stm32cube.ide.mcu.externaltools.gnu-tools-for-stm32.12.3.rel1.win32_1.0.100.202403111256/tools/bin/../lib/gcc/arm-none-eabi/12.3.1/thumb/v7e-m+fp/hard/crtbegin.o
 .ARM.attributes
                0x00000056       0x34 ./Core/Src/main.o
 .ARM.attributes
                0x0000008a       0x34 ./Core/Src/stm32f4xx_hal_msp.o
 .ARM.attributes
                0x000000be       0x34 ./Core/Src/stm32f4xx_it.o
 .ARM.attributes
                0x000000f2       0x34 ./Core/Src/system_stm32f4xx.o
 .ARM.attributes
                0x00000126       0x21 ./Core/Startup/startup_stm32f401ccux.o
 .ARM.attributes
                0x00000147       0x34 ./Drivers/STM32F4xx_HAL_Driver/Src/stm32f4xx_hal.o
 .ARM.attributes
                0x0000017b       0x34 ./Drivers/STM32F4xx_HAL_Driver/Src/stm32f4xx_hal_cortex.o
 .ARM.attributes
                0x000001af       0x34 ./Drivers/STM32F4xx_HAL_Driver/Src/stm32f4xx_hal_gpio.o
 .ARM.attributes
                0x000001e3       0x34 ./Drivers/STM32F4xx_HAL_Driver/Src/stm32f4xx_hal_pcd.o
 .ARM.attributes
                0x00000217       0x34 ./Drivers/STM32F4xx_HAL_Driver/Src/stm32f4xx_hal_pcd_ex.o
 .ARM.attributes
                0x0000024b       0x34 ./Drivers/STM32F4xx_HAL_Driver/Src/stm32f4xx_hal_rcc.o
 .ARM.attributes
                0x0000027f       0x34 ./Drivers/STM32F4xx_HAL_Driver/Src/stm32f4xx_ll_usb.o
 .ARM.attributes
                0x000002b3       0x34 ./Middlewares/ST/STM32_USB_Device_Library/Class/HID/Src/usbd_hid.o
 .ARM.attributes
                0x000002e7       0x34 ./Middlewares/ST/STM32_USB_Device_Library/Core/Src/usbd_core.o
 .ARM.attributes
                0x0000031b       0x34 ./Middlewares/ST/STM32_USB_Device_Library/Core/Src/usbd_ctlreq.o
 .ARM.attributes
                0x0000034f       0x34 ./Middlewares/ST/STM32_USB_Device_Library/Core/Src/usbd_ioreq.o
 .ARM.attributes
                0x00000383       0x34 ./USB_DEVICE/App/usb_device.o
 .ARM.attributes
                0x000003b7       0x34 ./USB_DEVICE/App/usbd_desc.o
 .ARM.attributes
                0x000003eb       0x34 ./USB_DEVICE/Target/usbd_conf.o
 .ARM.attributes
                0x0000041f       0x34 C:/Users/1999n/STM32CubeIDE_1.15.1/STM32CubeIDE/plugins/com.st.stm32cube.ide.mcu.externaltools.gnu-tools-for-stm32.12.3.rel1.win32_1.0.100.202403111256/tools/bin/../lib/gcc/arm-none-eabi/12.3.1/../../../../arm-none-eabi/lib/thumb/v7e-m+fp/hard\libc_nano.a(libc_a-memset.o)
 .ARM.attributes
                0x00000453       0x34 C:/Users/1999n/STM32CubeIDE_1.15.1/STM32CubeIDE/plugins/com.st.stm32cube.ide.mcu.externaltools.gnu-tools-for-stm32.12.3.rel1.win32_1.0.100.202403111256/tools/bin/../lib/gcc/arm-none-eabi/12.3.1/../../../../arm-none-eabi/lib/thumb/v7e-m+fp/hard\libc_nano.a(libc_a-init.o)
 .ARM.attributes
                0x00000487       0x22 C:/Users/1999n/STM32CubeIDE_1.15.1/STM32CubeIDE/plugins/com.st.stm32cube.ide.mcu.externaltools.gnu-tools-for-stm32.12.3.rel1.win32_1.0.100.202403111256/tools/bin/../lib/gcc/arm-none-eabi/12.3.1/thumb/v7e-m+fp/hard\libgcc.a(_aeabi_uldivmod.o)
 .ARM.attributes
                0x000004a9       0x34 C:/Users/1999n/STM32CubeIDE_1.15.1/STM32CubeIDE/plugins/com.st.stm32cube.ide.mcu.externaltools.gnu-tools-for-stm32.12.3.rel1.win32_1.0.100.202403111256/tools/bin/../lib/gcc/arm-none-eabi/12.3.1/thumb/v7e-m+fp/hard\libgcc.a(_udivmoddi4.o)
 .ARM.attributes
                0x000004dd       0x22 C:/Users/1999n/STM32CubeIDE_1.15.1/STM32CubeIDE/plugins/com.st.stm32cube.ide.mcu.externaltools.gnu-tools-for-stm32.12.3.rel1.win32_1.0.100.202403111256/tools/bin/../lib/gcc/arm-none-eabi/12.3.1/thumb/v7e-m+fp/hard\libgcc.a(_dvmd_tls.o)
 .ARM.attributes
                0x000004ff       0x22 C:/Users/1999n/STM32CubeIDE_1.15.1/STM32CubeIDE/plugins/com.st.stm32cube.ide.mcu.externaltools.gnu-tools-for-stm32.12.3.rel1.win32_1.0.100.202403111256/tools/bin/../lib/gcc/arm-none-eabi/12.3.1/thumb/v7e-m+fp/hard/crtn.o
OUTPUT(Macropad.elf elf32-littlearm)
LOAD linker stubs
LOAD C:/Users/1999n/STM32CubeIDE_1.15.1/STM32CubeIDE/plugins/com.st.stm32cube.ide.mcu.externaltools.gnu-tools-for-stm32.12.3.rel1.win32_1.0.100.202403111256/tools/bin/../lib/gcc/arm-none-eabi/12.3.1/../../../../arm-none-eabi/lib/thumb/v7e-m+fp/hard\libc.a
LOAD C:/Users/1999n/STM32CubeIDE_1.15.1/STM32CubeIDE/plugins/com.st.stm32cube.ide.mcu.externaltools.gnu-tools-for-stm32.12.3.rel1.win32_1.0.100.202403111256/tools/bin/../lib/gcc/arm-none-eabi/12.3.1/../../../../arm-none-eabi/lib/thumb/v7e-m+fp/hard\libm.a
LOAD C:/Users/1999n/STM32CubeIDE_1.15.1/STM32CubeIDE/plugins/com.st.stm32cube.ide.mcu.externaltools.gnu-tools-for-stm32.12.3.rel1.win32_1.0.100.202403111256/tools/bin/../lib/gcc/arm-none-eabi/12.3.1/thumb/v7e-m+fp/hard\libgcc.a

.debug_info     0x00000000     0xc869
 .debug_info    0x00000000      0xdc2 ./Core/Src/main.o
 .debug_info    0x00000dc2      0x291 ./Core/Src/stm32f4xx_hal_msp.o
 .debug_info    0x00001053      0x627 ./Core/Src/stm32f4xx_it.o
 .debug_info    0x0000167a      0x53e ./Core/Src/system_stm32f4xx.o
 .debug_info    0x00001bb8       0x30 ./Core/Startup/startup_stm32f401ccux.o
 .debug_info    0x00001be8      0x8bb ./Drivers/STM32F4xx_HAL_Driver/Src/stm32f4xx_hal.o
 .debug_info    0x000024a3      0xcf6 ./Drivers/STM32F4xx_HAL_Driver/Src/stm32f4xx_hal_cortex.o
 .debug_info    0x00003199      0x6f9 ./Drivers/STM32F4xx_HAL_Driver/Src/stm32f4xx_hal_gpio.o
 .debug_info    0x00003892     0x1577 ./Drivers/STM32F4xx_HAL_Driver/Src/stm32f4xx_hal_pcd.o
 .debug_info    0x00004e09      0x6ea ./Drivers/STM32F4xx_HAL_Driver/Src/stm32f4xx_hal_pcd_ex.o
 .debug_info    0x000054f3      0x8f1 ./Drivers/STM32F4xx_HAL_Driver/Src/stm32f4xx_hal_rcc.o
 .debug_info    0x00005de4     0x1993 ./Drivers/STM32F4xx_HAL_Driver/Src/stm32f4xx_ll_usb.o
 .debug_info    0x00007777      0xa84 ./Middlewares/ST/STM32_USB_Device_Library/Class/HID/Src/usbd_hid.o
 .debug_info    0x000081fb      0xe05 ./Middlewares/ST/STM32_USB_Device_Library/Core/Src/usbd_core.o
 .debug_info    0x00009000      0xade ./Middlewares/ST/STM32_USB_Device_Library/Core/Src/usbd_ctlreq.o
 .debug_info    0x00009ade      0x755 ./Middlewares/ST/STM32_USB_Device_Library/Core/Src/usbd_ioreq.o
 .debug_info    0x0000a233      0x5ef ./USB_DEVICE/App/usb_device.o
 .debug_info    0x0000a822      0x458 ./USB_DEVICE/App/usbd_desc.o
 .debug_info    0x0000ac7a     0x1bef ./USB_DEVICE/Target/usbd_conf.o

.debug_abbrev   0x00000000     0x2795
 .debug_abbrev  0x00000000      0x2d0 ./Core/Src/main.o
 .debug_abbrev  0x000002d0       0xd8 ./Core/Src/stm32f4xx_hal_msp.o
 .debug_abbrev  0x000003a8      0x1a4 ./Core/Src/stm32f4xx_it.o
 .debug_abbrev  0x0000054c      0x11a ./Core/Src/system_stm32f4xx.o
 .debug_abbrev  0x00000666       0x24 ./Core/Startup/startup_stm32f401ccux.o
 .debug_abbrev  0x0000068a      0x24b ./Drivers/STM32F4xx_HAL_Driver/Src/stm32f4xx_hal.o
 .debug_abbrev  0x000008d5      0x31d ./Drivers/STM32F4xx_HAL_Driver/Src/stm32f4xx_hal_cortex.o
 .debug_abbrev  0x00000bf2      0x1d3 ./Drivers/STM32F4xx_HAL_Driver/Src/stm32f4xx_hal_gpio.o
 .debug_abbrev  0x00000dc5      0x2b6 ./Drivers/STM32F4xx_HAL_Driver/Src/stm32f4xx_hal_pcd.o
 .debug_abbrev  0x0000107b      0x1da ./Drivers/STM32F4xx_HAL_Driver/Src/stm32f4xx_hal_pcd_ex.o
 .debug_abbrev  0x00001255      0x2b6 ./Drivers/STM32F4xx_HAL_Driver/Src/stm32f4xx_hal_rcc.o
 .debug_abbrev  0x0000150b      0x2b3 ./Drivers/STM32F4xx_HAL_Driver/Src/stm32f4xx_ll_usb.o
 .debug_abbrev  0x000017be      0x2a2 ./Middlewares/ST/STM32_USB_Device_Library/Class/HID/Src/usbd_hid.o
 .debug_abbrev  0x00001a60      0x27c ./Middlewares/ST/STM32_USB_Device_Library/Core/Src/usbd_core.o
 .debug_abbrev  0x00001cdc      0x26f ./Middlewares/ST/STM32_USB_Device_Library/Core/Src/usbd_ctlreq.o
 .debug_abbrev  0x00001f4b      0x19a ./Middlewares/ST/STM32_USB_Device_Library/Core/Src/usbd_ioreq.o
 .debug_abbrev  0x000020e5      0x190 ./USB_DEVICE/App/usb_device.o
 .debug_abbrev  0x00002275      0x1e1 ./USB_DEVICE/App/usbd_desc.o
 .debug_abbrev  0x00002456      0x33f ./USB_DEVICE/Target/usbd_conf.o

.debug_aranges  0x00000000      0xaf0
 .debug_aranges
                0x00000000       0x48 ./Core/Src/main.o
 .debug_aranges
                0x00000048       0x20 ./Core/Src/stm32f4xx_hal_msp.o
 .debug_aranges
                0x00000068       0x68 ./Core/Src/stm32f4xx_it.o
 .debug_aranges
                0x000000d0       0x28 ./Core/Src/system_stm32f4xx.o
 .debug_aranges
                0x000000f8       0x28 ./Core/Startup/startup_stm32f401ccux.o
 .debug_aranges
                0x00000120       0xf0 ./Drivers/STM32F4xx_HAL_Driver/Src/stm32f4xx_hal.o
 .debug_aranges
                0x00000210      0x130 ./Drivers/STM32F4xx_HAL_Driver/Src/stm32f4xx_hal_cortex.o
 .debug_aranges
                0x00000340       0x58 ./Drivers/STM32F4xx_HAL_Driver/Src/stm32f4xx_hal_gpio.o
 .debug_aranges
                0x00000398      0x148 ./Drivers/STM32F4xx_HAL_Driver/Src/stm32f4xx_hal_pcd.o
 .debug_aranges
                0x000004e0       0x38 ./Drivers/STM32F4xx_HAL_Driver/Src/stm32f4xx_hal_pcd_ex.o
 .debug_aranges
                0x00000518       0x88 ./Drivers/STM32F4xx_HAL_Driver/Src/stm32f4xx_hal_rcc.o
 .debug_aranges
                0x000005a0      0x1a0 ./Drivers/STM32F4xx_HAL_Driver/Src/stm32f4xx_ll_usb.o
 .debug_aranges
                0x00000740       0x68 ./Middlewares/ST/STM32_USB_Device_Library/Class/HID/Src/usbd_hid.o
 .debug_aranges
                0x000007a8       0xd8 ./Middlewares/ST/STM32_USB_Device_Library/Core/Src/usbd_core.o
 .debug_aranges
                0x00000880       0x90 ./Middlewares/ST/STM32_USB_Device_Library/Core/Src/usbd_ctlreq.o
 .debug_aranges
                0x00000910       0x50 ./Middlewares/ST/STM32_USB_Device_Library/Core/Src/usbd_ioreq.o
 .debug_aranges
                0x00000960       0x20 ./USB_DEVICE/App/usb_device.o
 .debug_aranges
                0x00000980       0x60 ./USB_DEVICE/App/usbd_desc.o
 .debug_aranges
                0x000009e0      0x110 ./USB_DEVICE/Target/usbd_conf.o

.debug_rnglists
                0x00000000      0x80f
 .debug_rnglists
                0x00000000       0x34 ./Core/Src/main.o
 .debug_rnglists
                0x00000034       0x13 ./Core/Src/stm32f4xx_hal_msp.o
 .debug_rnglists
                0x00000047       0x49 ./Core/Src/stm32f4xx_it.o
 .debug_rnglists
                0x00000090       0x1a ./Core/Src/system_stm32f4xx.o
 .debug_rnglists
                0x000000aa       0x19 ./Core/Startup/startup_stm32f401ccux.o
 .debug_rnglists
                0x000000c3       0xaf ./Drivers/STM32F4xx_HAL_Driver/Src/stm32f4xx_hal.o
 .debug_rnglists
                0x00000172       0xe0 ./Drivers/STM32F4xx_HAL_Driver/Src/stm32f4xx_hal_cortex.o
 .debug_rnglists
                0x00000252       0x3f ./Drivers/STM32F4xx_HAL_Driver/Src/stm32f4xx_hal_gpio.o
 .debug_rnglists
                0x00000291       0xfa ./Drivers/STM32F4xx_HAL_Driver/Src/stm32f4xx_hal_pcd.o
 .debug_rnglists
                0x0000038b       0x26 ./Drivers/STM32F4xx_HAL_Driver/Src/stm32f4xx_hal_pcd_ex.o
 .debug_rnglists
                0x000003b1       0x66 ./Drivers/STM32F4xx_HAL_Driver/Src/stm32f4xx_hal_rcc.o
 .debug_rnglists
                0x00000417      0x147 ./Drivers/STM32F4xx_HAL_Driver/Src/stm32f4xx_ll_usb.o
 .debug_rnglists
                0x0000055e       0x4c ./Middlewares/ST/STM32_USB_Device_Library/Class/HID/Src/usbd_hid.o
 .debug_rnglists
                0x000005aa       0xa1 ./Middlewares/ST/STM32_USB_Device_Library/Core/Src/usbd_core.o
 .debug_rnglists
                0x0000064b       0x6e ./Middlewares/ST/STM32_USB_Device_Library/Core/Src/usbd_ctlreq.o
 .debug_rnglists
                0x000006b9       0x37 ./Middlewares/ST/STM32_USB_Device_Library/Core/Src/usbd_ioreq.o
 .debug_rnglists
                0x000006f0       0x13 ./USB_DEVICE/App/usb_device.o
 .debug_rnglists
                0x00000703       0x43 ./USB_DEVICE/App/usbd_desc.o
 .debug_rnglists
                0x00000746       0xc9 ./USB_DEVICE/Target/usbd_conf.o

.debug_macro    0x00000000    0x17798
 .debug_macro   0x00000000      0x34d ./Core/Src/main.o
 .debug_macro   0x0000034d      0xab4 ./Core/Src/main.o
 .debug_macro   0x00000e01      0x295 ./Core/Src/main.o
 .debug_macro   0x00001096       0x2e ./Core/Src/main.o
 .debug_macro   0x000010c4       0x28 ./Core/Src/main.o
 .debug_macro   0x000010ec       0x22 ./Core/Src/main.o
 .debug_macro   0x0000110e       0x8e ./Core/Src/main.o
 .debug_macro   0x0000119c       0x51 ./Core/Src/main.o
 .debug_macro   0x000011ed      0x103 ./Core/Src/main.o
 .debug_macro   0x000012f0       0x6a ./Core/Src/main.o
 .debug_macro   0x0000135a      0x1df ./Core/Src/main.o
 .debug_macro   0x00001539       0x1c ./Core/Src/main.o
 .debug_macro   0x00001555       0x22 ./Core/Src/main.o
 .debug_macro   0x00001577       0xfb ./Core/Src/main.o
 .debug_macro   0x00001672     0x1011 ./Core/Src/main.o
 .debug_macro   0x00002683      0x11f ./Core/Src/main.o
 .debug_macro   0x000027a2     0xb86c ./Core/Src/main.o
 .debug_macro   0x0000e00e       0x6d ./Core/Src/main.o
 .debug_macro   0x0000e07b     0x369a ./Core/Src/main.o
 .debug_macro   0x00011715      0x189 ./Core/Src/main.o
 .debug_macro   0x0001189e       0x5c ./Core/Src/main.o
 .debug_macro   0x000118fa      0x416 ./Core/Src/main.o
 .debug_macro   0x00011d10      0x9e9 ./Core/Src/main.o
 .debug_macro   0x000126f9      0x115 ./Core/Src/main.o
 .debug_macro   0x0001280e       0xf8 ./Core/Src/main.o
 .debug_macro   0x00012906       0xa5 ./Core/Src/main.o
 .debug_macro   0x000129ab      0x15f ./Core/Src/main.o
 .debug_macro   0x00012b0a      0x287 ./Core/Src/main.o
 .debug_macro   0x00012d91       0x5f ./Core/Src/main.o
 .debug_macro   0x00012df0      0x236 ./Core/Src/main.o
 .debug_macro   0x00013026      0x132 ./Core/Src/main.o
 .debug_macro   0x00013158      0x23a ./Core/Src/main.o
 .debug_macro   0x00013392       0x2e ./Core/Src/main.o
 .debug_macro   0x000133c0      0x127 ./Core/Src/main.o
 .debug_macro   0x000134e7       0x85 ./Core/Src/main.o
 .debug_macro   0x0001356c       0x89 ./Core/Src/main.o
 .debug_macro   0x000135f5      0x293 ./Core/Src/main.o
 .debug_macro   0x00013888       0xba ./Core/Src/main.o
 .debug_macro   0x00013942      0x126 ./Core/Src/main.o
 .debug_macro   0x00013a68       0x7c ./Core/Src/main.o
 .debug_macro   0x00013ae4       0x61 ./Core/Src/main.o
 .debug_macro   0x00013b45       0x2a ./Core/Src/main.o
 .debug_macro   0x00013b6f       0x43 ./Core/Src/main.o
 .debug_macro   0x00013bb2       0x34 ./Core/Src/main.o
 .debug_macro   0x00013be6       0x16 ./Core/Src/main.o
 .debug_macro   0x00013bfc       0x35 ./Core/Src/main.o
 .debug_macro   0x00013c31      0x369 ./Core/Src/main.o
 .debug_macro   0x00013f9a       0x10 ./Core/Src/main.o
 .debug_macro   0x00013faa       0x16 ./Core/Src/main.o
 .debug_macro   0x00013fc0       0x43 ./Core/Src/main.o
 .debug_macro   0x00014003       0x34 ./Core/Src/main.o
 .debug_macro   0x00014037       0x10 ./Core/Src/main.o
 .debug_macro   0x00014047       0x58 ./Core/Src/main.o
 .debug_macro   0x0001409f       0x8e ./Core/Src/main.o
 .debug_macro   0x0001412d       0x1c ./Core/Src/main.o
 .debug_macro   0x00014149      0x177 ./Core/Src/main.o
 .debug_macro   0x000142c0       0x16 ./Core/Src/main.o
 .debug_macro   0x000142d6       0x16 ./Core/Src/main.o
 .debug_macro   0x000142ec      0x146 ./Core/Src/main.o
 .debug_macro   0x00014432       0x16 ./Core/Src/main.o
 .debug_macro   0x00014448       0x16 ./Core/Src/main.o
 .debug_macro   0x0001445e       0x29 ./Core/Src/main.o
 .debug_macro   0x00014487       0x16 ./Core/Src/main.o
 .debug_macro   0x0001449d       0x20 ./Core/Src/main.o
 .debug_macro   0x000144bd       0x6b ./Core/Src/main.o
 .debug_macro   0x00014528      0x20f ./Core/Src/main.o
 .debug_macro   0x00014737      0x1e3 ./Core/Src/stm32f4xx_hal_msp.o
 .debug_macro   0x0001491a      0x1ed ./Core/Src/stm32f4xx_it.o
 .debug_macro   0x00014b07      0x1d4 ./Core/Src/system_stm32f4xx.o
 .debug_macro   0x00014cdb      0x234 ./Drivers/STM32F4xx_HAL_Driver/Src/stm32f4xx_hal.o
 .debug_macro   0x00014f0f      0x1d4 ./Drivers/STM32F4xx_HAL_Driver/Src/stm32f4xx_hal_cortex.o
 .debug_macro   0x000150e3      0x1da ./Drivers/STM32F4xx_HAL_Driver/Src/stm32f4xx_hal_gpio.o
 .debug_macro   0x000152bd      0x1e0 ./Drivers/STM32F4xx_HAL_Driver/Src/stm32f4xx_hal_pcd.o
 .debug_macro   0x0001549d      0x1d4 ./Drivers/STM32F4xx_HAL_Driver/Src/stm32f4xx_hal_pcd_ex.o
 .debug_macro   0x00015671      0x1f8 ./Drivers/STM32F4xx_HAL_Driver/Src/stm32f4xx_hal_rcc.o
 .debug_macro   0x00015869      0x1d4 ./Drivers/STM32F4xx_HAL_Driver/Src/stm32f4xx_ll_usb.o
 .debug_macro   0x00015a3d      0x372 ./Middlewares/ST/STM32_USB_Device_Library/Class/HID/Src/usbd_hid.o
 .debug_macro   0x00015daf       0x9e ./Middlewares/ST/STM32_USB_Device_Library/Class/HID/Src/usbd_hid.o
 .debug_macro   0x00015e4d      0x10b ./Middlewares/ST/STM32_USB_Device_Library/Class/HID/Src/usbd_hid.o
 .debug_macro   0x00015f58       0x56 ./Middlewares/ST/STM32_USB_Device_Library/Class/HID/Src/usbd_hid.o
 .debug_macro   0x00015fae       0x5f ./Middlewares/ST/STM32_USB_Device_Library/Class/HID/Src/usbd_hid.o
 .debug_macro   0x0001600d      0x359 ./Middlewares/ST/STM32_USB_Device_Library/Core/Src/usbd_core.o
 .debug_macro   0x00016366      0x215 ./Middlewares/ST/STM32_USB_Device_Library/Core/Src/usbd_core.o
 .debug_macro   0x0001657b      0x363 ./Middlewares/ST/STM32_USB_Device_Library/Core/Src/usbd_ctlreq.o
 .debug_macro   0x000168de      0x35f ./Middlewares/ST/STM32_USB_Device_Library/Core/Src/usbd_ioreq.o
 .debug_macro   0x00016c3d      0x389 ./USB_DEVICE/App/usb_device.o
 .debug_macro   0x00016fc6       0x82 ./USB_DEVICE/App/usb_device.o
 .debug_macro   0x00017048       0x22 ./USB_DEVICE/App/usb_device.o
 .debug_macro   0x0001706a      0x39c ./USB_DEVICE/App/usbd_desc.o
 .debug_macro   0x00017406       0x1c ./USB_DEVICE/App/usbd_desc.o
 .debug_macro   0x00017422      0x376 ./USB_DEVICE/Target/usbd_conf.o

.debug_line     0x00000000     0xefdd
 .debug_line    0x00000000      0xc14 ./Core/Src/main.o
 .debug_line    0x00000c14      0x740 ./Core/Src/stm32f4xx_hal_msp.o
 .debug_line    0x00001354      0x81b ./Core/Src/stm32f4xx_it.o
 .debug_line    0x00001b6f      0x7c5 ./Core/Src/system_stm32f4xx.o
 .debug_line    0x00002334       0x7a ./Core/Startup/startup_stm32f401ccux.o
 .debug_line    0x000023ae      0xa2e ./Drivers/STM32F4xx_HAL_Driver/Src/stm32f4xx_hal.o
 .debug_line    0x00002ddc      0xd20 ./Drivers/STM32F4xx_HAL_Driver/Src/stm32f4xx_hal_cortex.o
 .debug_line    0x00003afc      0xb7e ./Drivers/STM32F4xx_HAL_Driver/Src/stm32f4xx_hal_gpio.o
 .debug_line    0x0000467a     0x1517 ./Drivers/STM32F4xx_HAL_Driver/Src/stm32f4xx_hal_pcd.o
 .debug_line    0x00005b91      0x80b ./Drivers/STM32F4xx_HAL_Driver/Src/stm32f4xx_hal_pcd_ex.o
 .debug_line    0x0000639c      0xdb7 ./Drivers/STM32F4xx_HAL_Driver/Src/stm32f4xx_hal_rcc.o
 .debug_line    0x00007153     0x1dad ./Drivers/STM32F4xx_HAL_Driver/Src/stm32f4xx_ll_usb.o
 .debug_line    0x00008f00      0xd66 ./Middlewares/ST/STM32_USB_Device_Library/Class/HID/Src/usbd_hid.o
 .debug_line    0x00009c66     0x1035 ./Middlewares/ST/STM32_USB_Device_Library/Core/Src/usbd_core.o
 .debug_line    0x0000ac9b     0x1245 ./Middlewares/ST/STM32_USB_Device_Library/Core/Src/usbd_ctlreq.o
 .debug_line    0x0000bee0      0xb4f ./Middlewares/ST/STM32_USB_Device_Library/Core/Src/usbd_ioreq.o
 .debug_line    0x0000ca2f      0xaf0 ./USB_DEVICE/App/usb_device.o
 .debug_line    0x0000d51f      0xbd4 ./USB_DEVICE/App/usbd_desc.o
 .debug_line    0x0000e0f3      0xeea ./USB_DEVICE/Target/usbd_conf.o

.debug_str      0x00000000    0x8627e
 .debug_str     0x00000000    0x830b7 ./Core/Src/main.o
                              0x8340a (size before relaxing)
 .debug_str     0x000830b7       0x2c ./Core/Src/stm32f4xx_hal_msp.o
                              0x7ea0f (size before relaxing)
 .debug_str     0x000830e3      0x48b ./Core/Src/stm32f4xx_it.o
                              0x7edb6 (size before relaxing)
 .debug_str     0x0008356e       0xdb ./Core/Src/system_stm32f4xx.o
                              0x7e925 (size before relaxing)
 .debug_str     0x00083649       0x44 ./Core/Startup/startup_stm32f401ccux.o
                                 0x6e (size before relaxing)
 .debug_str     0x0008368d      0x9ae ./Drivers/STM32F4xx_HAL_Driver/Src/stm32f4xx_hal.o
                              0x7f347 (size before relaxing)
 .debug_str     0x0008403b      0x39e ./Drivers/STM32F4xx_HAL_Driver/Src/stm32f4xx_hal_cortex.o
                              0x7f0b1 (size before relaxing)
 .debug_str     0x000843d9      0x120 ./Drivers/STM32F4xx_HAL_Driver/Src/stm32f4xx_hal_gpio.o
                              0x7eaa0 (size before relaxing)
 .debug_str     0x000844f9      0x831 ./Drivers/STM32F4xx_HAL_Driver/Src/stm32f4xx_hal_pcd.o
                              0x7f3f1 (size before relaxing)
 .debug_str     0x00084d2a      0x115 ./Drivers/STM32F4xx_HAL_Driver/Src/stm32f4xx_hal_pcd_ex.o
                              0x7ece1 (size before relaxing)
 .debug_str     0x00084e3f      0x21f ./Drivers/STM32F4xx_HAL_Driver/Src/stm32f4xx_hal_rcc.o
                              0x7ed59 (size before relaxing)
 .debug_str     0x0008505e      0x4ad ./Drivers/STM32F4xx_HAL_Driver/Src/stm32f4xx_ll_usb.o
                              0x7f2cc (size before relaxing)
 .debug_str     0x0008550b      0x4d8 ./Middlewares/ST/STM32_USB_Device_Library/Class/HID/Src/usbd_hid.o
                              0x83482 (size before relaxing)
 .debug_str     0x000859e3      0x366 ./Middlewares/ST/STM32_USB_Device_Library/Core/Src/usbd_core.o
                              0x833ed (size before relaxing)
 .debug_str     0x00085d49      0x139 ./Middlewares/ST/STM32_USB_Device_Library/Core/Src/usbd_ctlreq.o
                              0x83218 (size before relaxing)
 .debug_str     0x00085e82       0x79 ./Middlewares/ST/STM32_USB_Device_Library/Core/Src/usbd_ioreq.o
                              0x830ed (size before relaxing)
 .debug_str     0x00085efb       0xa2 ./USB_DEVICE/App/usb_device.o
                              0x83280 (size before relaxing)
 .debug_str     0x00085f9d      0x26e ./USB_DEVICE/App/usbd_desc.o
                              0x82fed (size before relaxing)
 .debug_str     0x0008620b       0x73 ./USB_DEVICE/Target/usbd_conf.o
                              0x84032 (size before relaxing)

.comment        0x00000000       0x43
 .comment       0x00000000       0x43 ./Core/Src/main.o
                                 0x44 (size before relaxing)
 .comment       0x00000043       0x44 ./Core/Src/stm32f4xx_hal_msp.o
 .comment       0x00000043       0x44 ./Core/Src/stm32f4xx_it.o
 .comment       0x00000043       0x44 ./Core/Src/system_stm32f4xx.o
 .comment       0x00000043       0x44 ./Drivers/STM32F4xx_HAL_Driver/Src/stm32f4xx_hal.o
 .comment       0x00000043       0x44 ./Drivers/STM32F4xx_HAL_Driver/Src/stm32f4xx_hal_cortex.o
 .comment       0x00000043       0x44 ./Drivers/STM32F4xx_HAL_Driver/Src/stm32f4xx_hal_gpio.o
 .comment       0x00000043       0x44 ./Drivers/STM32F4xx_HAL_Driver/Src/stm32f4xx_hal_pcd.o
 .comment       0x00000043       0x44 ./Drivers/STM32F4xx_HAL_Driver/Src/stm32f4xx_hal_pcd_ex.o
 .comment       0x00000043       0x44 ./Drivers/STM32F4xx_HAL_Driver/Src/stm32f4xx_hal_rcc.o
 .comment       0x00000043       0x44 ./Drivers/STM32F4xx_HAL_Driver/Src/stm32f4xx_ll_usb.o
 .comment       0x00000043       0x44 ./Middlewares/ST/STM32_USB_Device_Library/Class/HID/Src/usbd_hid.o
 .comment       0x00000043       0x44 ./Middlewares/ST/STM32_USB_Device_Library/Core/Src/usbd_core.o
 .comment       0x00000043       0x44 ./Middlewares/ST/STM32_USB_Device_Library/Core/Src/usbd_ctlreq.o
 .comment       0x00000043       0x44 ./Middlewares/ST/STM32_USB_Device_Library/Core/Src/usbd_ioreq.o
 .comment       0x00000043       0x44 ./USB_DEVICE/App/usb_device.o
 .comment       0x00000043       0x44 ./USB_DEVICE/App/usbd_desc.o
 .comment       0x00000043       0x44 ./USB_DEVICE/Target/usbd_conf.o

.debug_frame    0x00000000     0x2b80
 .debug_frame   0x00000000       0xdc ./Core/Src/main.o
 .debug_frame   0x000000dc       0x38 ./Core/Src/stm32f4xx_hal_msp.o
 .debug_frame   0x00000114      0x120 ./Core/Src/stm32f4xx_it.o
 .debug_frame   0x00000234       0x58 ./Core/Src/system_stm32f4xx.o
 .debug_frame   0x0000028c      0x374 ./Drivers/STM32F4xx_HAL_Driver/Src/stm32f4xx_hal.o
 .debug_frame   0x00000600      0x508 ./Drivers/STM32F4xx_HAL_Driver/Src/stm32f4xx_hal_cortex.o
 .debug_frame   0x00000b08      0x14c ./Drivers/STM32F4xx_HAL_Driver/Src/stm32f4xx_hal_gpio.o
 .debug_frame   0x00000c54      0x5b8 ./Drivers/STM32F4xx_HAL_Driver/Src/stm32f4xx_hal_pcd.o
 .debug_frame   0x0000120c       0xb0 ./Drivers/STM32F4xx_HAL_Driver/Src/stm32f4xx_hal_pcd_ex.o
 .debug_frame   0x000012bc      0x1f4 ./Drivers/STM32F4xx_HAL_Driver/Src/stm32f4xx_hal_rcc.o
 .debug_frame   0x000014b0      0x7c0 ./Drivers/STM32F4xx_HAL_Driver/Src/stm32f4xx_ll_usb.o
 .debug_frame   0x00001c70      0x184 ./Middlewares/ST/STM32_USB_Device_Library/Class/HID/Src/usbd_hid.o
 .debug_frame   0x00001df4      0x390 ./Middlewares/ST/STM32_USB_Device_Library/Core/Src/usbd_core.o
 .debug_frame   0x00002184      0x23c ./Middlewares/ST/STM32_USB_Device_Library/Core/Src/usbd_ctlreq.o
 .debug_frame   0x000023c0      0x10c ./Middlewares/ST/STM32_USB_Device_Library/Core/Src/usbd_ioreq.o
 .debug_frame   0x000024cc       0x2c ./USB_DEVICE/App/usb_device.o
 .debug_frame   0x000024f8      0x160 ./USB_DEVICE/App/usbd_desc.o
 .debug_frame   0x00002658      0x47c ./USB_DEVICE/Target/usbd_conf.o
 .debug_frame   0x00002ad4       0x20 C:/Users/1999n/STM32CubeIDE_1.15.1/STM32CubeIDE/plugins/com.st.stm32cube.ide.mcu.externaltools.gnu-tools-for-stm32.12.3.rel1.win32_1.0.100.202403111256/tools/bin/../lib/gcc/arm-none-eabi/12.3.1/../../../../arm-none-eabi/lib/thumb/v7e-m+fp/hard\libc_nano.a(libc_a-memset.o)
 .debug_frame   0x00002af4       0x2c C:/Users/1999n/STM32CubeIDE_1.15.1/STM32CubeIDE/plugins/com.st.stm32cube.ide.mcu.externaltools.gnu-tools-for-stm32.12.3.rel1.win32_1.0.100.202403111256/tools/bin/../lib/gcc/arm-none-eabi/12.3.1/../../../../arm-none-eabi/lib/thumb/v7e-m+fp/hard\libc_nano.a(libc_a-init.o)
 .debug_frame   0x00002b20       0x2c C:/Users/1999n/STM32CubeIDE_1.15.1/STM32CubeIDE/plugins/com.st.stm32cube.ide.mcu.externaltools.gnu-tools-for-stm32.12.3.rel1.win32_1.0.100.202403111256/tools/bin/../lib/gcc/arm-none-eabi/12.3.1/thumb/v7e-m+fp/hard\libgcc.a(_aeabi_uldivmod.o)
 .debug_frame   0x00002b4c       0x34 C:/Users/1999n/STM32CubeIDE_1.15.1/STM32CubeIDE/plugins/com.st.stm32cube.ide.mcu.externaltools.gnu-tools-for-stm32.12.3.rel1.win32_1.0.100.202403111256/tools/bin/../lib/gcc/arm-none-eabi/12.3.1/thumb/v7e-m+fp/hard\libgcc.a(_udivmoddi4.o)

.debug_line_str
                0x00000000       0x52
 .debug_line_str
                0x00000000       0x52 ./Core/Startup/startup_stm32f401ccux.o
